// Jest Snapshot v1, https://goo.gl/fbAQLP

exports[`EventTableComponent should render header, body and footer 1`] = `
<div>
  <Table
    className="table table-hover table-inverse table-responsive"
    columns={
      Array [
        Object {
          "key": "sampleNum",
          "label": "Prøvenr",
        },
        Object {
          "key": "registeredDate",
          "label": "Dato",
        },
        Object {
          "key": "sampleType",
          "label": "Prøvetype",
        },
        Object {
          "key": "sampleSubType",
          "label": "Prøveundertype",
        },
        Object {
          "key": "status",
          "label": "Status",
        },
        Object {
          "key": "hasAnalyse",
          "label": "Analyse",
        },
        Object {
          "key": "storageMedium",
          "label": "Lagringsmedium",
        },
        Object {
          "key": "add",
          "label": <a
            href=""
            onClick={[Function]}
            title="Legg til alle i plukklisten"
      >
            <FontAwesome
                  name="shopping-cart"
                  style={
                        Object {
                              "fontSize": "1.3em",
                            }
                  }
            />
      </a>,
        },
      ]
    }
    defaultSort={false}
    defaultSortDescending={false}
    filterBy=""
    hideFilterInput={false}
    itemsPerPage={0}
    noDataText="Ingen prøver funnet på objektet"
    sortBy={false}
    sortable={
      Array [
        "id",
        "date",
      ]
    }
  >
    <Tr
      onClick={[Function]}
    >
      <Td
        column="sampleNum"
      />
      <Td
        column="registeredDate"
      >
        20.01.1999
      </Td>
      <Td
        column="sampleType"
      >
        1
      </Td>
      <Td
        column="sampleSubType"
      >
         
      </Td>
      <Td
        column="status"
      >
        2
      </Td>
      <Td
        column="hasAnalyse"
      />
      <Td
        column="storageMedium"
      />
      <Td
        column="add"
      >
        <a
          onClick={[Function]}
          title="Legg til plukklisten"
        >
          <FontAwesome
            name="shopping-cart"
            style={
              Object {
                "color": "Gray",
                "fontSize": "1.3em",
              }
            }
          />
        </a>
      </Td>
    </Tr>
    <Tr
      onClick={[Function]}
    >
      <Td
        column="sampleNum"
      />
      <Td
        column="registeredDate"
      >
        29.01.1999
      </Td>
      <Td
        column="sampleType"
      >
        1
      </Td>
      <Td
        column="sampleSubType"
      >
         
      </Td>
      <Td
        column="status"
      >
        24
      </Td>
      <Td
        column="hasAnalyse"
      />
      <Td
        column="storageMedium"
      />
      <Td
        column="add"
      >
        <a
          onClick={[Function]}
          title="Legg til plukklisten"
        >
          <FontAwesome
            name="shopping-cart"
            style={
              Object {
                "color": "Gray",
                "fontSize": "1.3em",
              }
            }
          />
        </a>
      </Td>
    </Tr>
  </Table>
</div>
`;
