// Jest Snapshot v1, https://goo.gl/fbAQLP

exports[`AnalysisViewComponent should render properly 1`] = `
<div
  className="container"
>
  <div
    className="page-header"
  >
    <button
      className="btn btn-default pull-right"
      onClick={[Function]}
    >
      Endre
    </button>
    <h1>
      Analyse
    </h1>
  </div>
  <form
    className="form-horizontal"
  >
    <MetaInformation
      registeredBy="1"
      registeredDate="1"
      updatedBy="1"
      updatedDate="1"
    />
    <hr />
    <div
      className="form-group"
    >
      <label
        className="control-label col-md-2"
        htmlFor="type"
      >
        Type analyse
      </label>
      <div
        className="col-md-10"
      >
        <p
          className="form-control-static"
          id="type"
        >
          kul analysetype
        </p>
      </div>
    </div>
    <div
      className="form-group"
    >
      <label
        className="control-label col-md-2"
        htmlFor="type"
      >
        Metode
      </label>
      <div
        className="col-md-3"
        id="idExtraDescriptionAttributes"
      >
        <p
          className="form-control-static"
        >
          moro metode
        </p>
      </div>
    </div>
    <div
      className="form-group"
    >
      <label
        className="control-label col-md-2"
        htmlFor="reason"
      >
        Formål med analysen
         
      </label>
      <div
        className="col-md-10"
      >
        <p
          className="form-control-static"
          id="reason"
        >
          fin purpose
        </p>
      </div>
    </div>
    <div
      className="form-group"
    >
      <label
        className="control-label col-md-2"
        htmlFor="status"
      >
        Status på analysen
      </label>
      <div
        className="col-md-5"
      >
        <p
          className="form-control-static"
          id="status"
        >
          Fin status
        </p>
      </div>
    </div>
    <div
      className="form-group"
    >
      <label
        className="control-label col-md-2"
        htmlFor="status"
      >
        Analysested
      </label>
      <div
        className="col-md-5"
      >
        <p
          className="form-control-static"
          id="status"
        >
          Fin lab
        </p>
      </div>
    </div>
    <div
      className="form-group"
    >
      <label
        className="control-label col-md-2"
        htmlFor="caseNumber"
      >
        Saksnummer
      </label>
      <div
        className="col-md-10"
      >
        <p
          className="form-control-static"
          id="caseNumber"
        />
      </div>
    </div>
    <hr />
    <div
      className="form-group"
    >
      <label
        className="control-label col-md-2"
        htmlFor="note"
      >
        Merknad
      </label>
      <div
        className="col-md-10"
      >
        <p
          className="form-control-static"
          id="note"
        >
          1
        </p>
      </div>
    </div>
    <hr />
    <div
      className="form-group"
    >
      <label
        className="control-label"
      >
        Personer tilknyttet analysen
      </label>
    </div>
    <Component
      getDisplayNameForRole={[Function]}
      personData={
        Array [
          Object {
            "name": "jarl",
            "role": "responsible",
          },
          Object {
            "date": "2017-06-29T07:54:22+00:00",
            "name": "line",
            "role": "creator",
          },
        ]
      }
    />
    <hr />
    <div
      className="well"
    >
      <div
        className="form-group"
      >
        <label
          className="col-md-12"
          htmlFor="objects"
        >
          Objekter/prøver
        </label>
      </div>
      <div
        className="form-group"
      >
        <div
          className="col-md-12 col-md-offset-0"
        >
          <ExpandableObjectTable
            appSession={
              Object {
                "accessToken": "45667",
                "actor": Object {
                  "fn": "Test",
                },
                "collectionId": "1234",
                "language": Object {
                  "isEn": false,
                  "isNo": true,
                },
                "museumId": 99,
                "rolesForModules": Object {
                  "collectionManagementRead": true,
                  "collectionManagementWrite": true,
                  "documentArchiveRead": true,
                  "documentArchiveWrite": true,
                  "storageFacilityAdmin": true,
                  "storageFacilityRead": true,
                  "storageFacilityWrite": true,
                },
              }
            }
            data={
              Array [
                Object {
                  "affectedThing": "1cbf15cb-8348-4e66-99a4-bc314da57a42",
                  "affectedType": "collection",
                  "analysisTypeId": 5,
                  "doneBy": "some uuid",
                  "doneDate": "some date",
                  "id": 2,
                  "objectData": Object {
                    "collection": 8,
                    "coordinates": Array [],
                    "id": 1,
                    "locations": Array [],
                    "materials": Array [],
                    "museumId": 99,
                    "museumNo": "123",
                    "objectType": "collection",
                    "subNo": "12345678911",
                    "term": "Spyd",
                    "uuid": "1cbf15cb-8348-4e66-99a4-bc314da57a42",
                  },
                  "partOf": 3,
                  "registeredBy": "some uuid",
                  "registeredDate": "some date",
                  "responsible": "some uuid",
                  "type": "Analysis",
                },
                Object {
                  "affectedThing": "1cbf15cb-8348-4e66-99a4-bc314da57a42",
                  "affectedType": "collection",
                  "analysisTypeId": 5,
                  "doneBy": "some uuid",
                  "doneDate": "some date",
                  "id": 4,
                  "objectData": Object {
                    "collection": 8,
                    "coordinates": Array [],
                    "id": 2,
                    "locations": Array [],
                    "materials": Array [],
                    "museumId": 99,
                    "museumNo": "124",
                    "objectType": "collection",
                    "subNo": "12345678912",
                    "term": "Beltering",
                    "uuid": "1cbf15cb-8348-4e66-99a4-bc314da57a42",
                  },
                  "partOf": 6,
                  "registeredBy": "some uuid",
                  "registeredDate": "some date",
                  "responsible": "some uuid",
                  "type": "Analysis",
                },
                Object {
                  "affectedThing": "1cbf15cb-8348-4e66-99a4-bc314da57a42",
                  "affectedType": "collection",
                  "analysisTypeId": 5,
                  "doneBy": "some uuid",
                  "doneDate": "some date",
                  "id": 6,
                  "objectData": Object {
                    "collection": 8,
                    "coordinates": Array [],
                    "id": 3,
                    "locations": Array [],
                    "materials": Array [],
                    "museumId": 99,
                    "museumNo": "125",
                    "objectType": "collection",
                    "subNo": "12345678913",
                    "term": "Øsekar",
                    "uuid": "1cbf15cb-8348-4e66-99a4-bc314da57a42",
                  },
                  "partOf": 9,
                  "registeredBy": "some uuid",
                  "registeredDate": "some date",
                  "responsible": "some uuid",
                  "type": "Analysis",
                },
              ]
            }
            extraAttributes={Object {}}
            history={
              Object {
                "goBack": [Function],
                "goForward": [Function],
                "push": [Function],
                "replace": [Function],
              }
            }
            viewMode={true}
          />
        </div>
      </div>
      <hr />
      <Result
        appSession={
          Object {
            "accessToken": "45667",
            "actor": Object {
              "fn": "Test",
            },
            "collectionId": "1234",
            "language": Object {
              "isEn": false,
              "isNo": true,
            },
            "museumId": 99,
            "rolesForModules": Object {
              "collectionManagementRead": true,
              "collectionManagementWrite": true,
              "documentArchiveRead": true,
              "documentArchiveWrite": true,
              "storageFacilityAdmin": true,
              "storageFacilityRead": true,
              "storageFacilityWrite": true,
            },
          }
        }
        comments="1"
        externalSource="1"
        extraAttributes={Object {}}
        history={
          Object {
            "goBack": [Function],
            "goForward": [Function],
            "push": [Function],
            "replace": [Function],
          }
        }
        parentObjectId={null}
      />
      <div
        className="form-group"
      >
        <label
          className="control-label col-md-2"
          htmlFor="restrictions"
        >
          Klausulering
        </label>
        <div
          className="col-md-10"
        >
          <p
            className="form-control-static"
            id="restrictions"
          >
            Ja
          </p>
        </div>
      </div>
    </div>
  </form>
</div>
`;
