exports[`AnalysisAddComponent should render properly 1`] = `
<AnalysisComponent
  addOrUpdateAnalysisEvent={undefined}
  appSession={undefined}
  form={
    Object {
      "administrator": Object {
        "name": "administrator",
        "rawValue": "7dcc7e82-a18c-4e2e-9d83-2b25c132fc3e"
      },
      "analysisTypeId": Object {
        "name": "analysisTypeId",
        "rawValue": "b15ee459-38c9-414f-8b54-7c6439b44d3d"
      },
      "by": Object {
        "name": "by",
        "rawValue": "Test name"
      },
      "cancelledBy": Object {
        "name": "cancelledBy",
        "rawValue": "Opphevet av"
      },
      "cancelledReason": Object {
        "name": "cancelledReason",
        "rawValue": "Årsak til oppheving"
      },
      "caseNumbers": Object {
        "name": "caseNumbers",
        "rawValue": "1234"
      },
      "comments": Object {
        "name": "comments",
        "rawValue": "comments"
      },
      "completeAnalysis": Object {
        "name": "completeAnalysis",
        "rawValue": true
      },
      "completedBy": Object {
        "name": "completedBy",
        "rawValue": "7dcc7e82-a18c-4e2e-9d83-2b25c132fc3e"
      },
      "completedDate": Object {
        "name": "completedDate",
        "rawValue": "2017-03-16T14:37:45+00:00"
      },
      "doneBy": Object {
        "name": "doneBy",
        "rawValue": "7dcc7e82-a18c-4e2e-9d83-2b25c132fc3e"
      },
      "doneDate": Object {
        "name": "doneDate",
        "rawValue": "12.12.2012"
      },
      "expirationDate": Object {
        "name": "expirationDate",
        "rawValue": "13.12.2012"
      },
      "externalSource": Object {
        "name": "externalSource",
        "rawValue": "www.musit.uio.no"
      },
      "id": Object {
        "name": "id",
        "rawValue": "123"
      },
      "museumNo": Object {
        "name": "museumNo",
        "rawValue": null
      },
      "note": Object {
        "name": "note",
        "rawValue": "test note"
      },
      "objectId": Object {
        "name": "objectId",
        "rawValue": null
      },
      "partOf": Object {
        "name": "partOf",
        "rawValue": "2345"
      },
      "place": Object {
        "name": "place",
        "rawValue": "Oslo, Norway"
      },
      "reason": Object {
        "name": "reason",
        "rawValue": "Reason for Restrictions"
      },
      "registeredBy": Object {
        "name": "registeredBy",
        "rawValue": "7dcc7e82-a18c-4e2e-9d83-2b25c132fc3e"
      },
      "registeredDate": Object {
        "name": "registeredDate",
        "rawValue": "2017-03-16T14:37:45+00:00"
      },
      "responsible": Object {
        "name": "responsible",
        "rawValue": "7dcc7e82-a18c-4e2e-9d83-2b25c132fc3e"
      },
      "restrictions": Object {
        "name": "restrictions",
        "rawValue": true
      },
      "result": Object {
        "name": "result",
        "rawValue": "result"
      },
      "term": Object {
        "name": "term",
        "rawValue": null
      }
    }
  }
  mode="ADD"
  store={
    Object {
      "analysisTypes": Array [
        Object {
          "category": 8,
          "id": "1bbf15cb-8348-4e66-99a4-bc314da57a42",
          "name": "3D-skanning, laser"
        },
        Object {
          "category": 8,
          "id": "b39399ab-aabd-4ebc-903b-adcf6876a364",
          "name": "3D-skanning, strukturert lys"
        }
      ],
      "objectsData": Array [
        Object {
          "museumNumber": "123",
          "subNumber": "12345678911",
          "term": "Spyd",
          "uuid": "1cbf15cb-8348-4e66-99a4-bc314da57a42"
        },
        Object {
          "museumNumber": "124",
          "subNumber": "12345678912",
          "term": "Beltering",
          "uuid": "2cbf15cb-8348-4e66-99a4-bc314da57a42"
        },
        Object {
          "museumNumber": "125",
          "subNumber": "12345678913",
          "term": "Øsekar",
          "uuid": "3cbf15cb-8348-4e66-99a4-bc314da57a42"
        }
      ]
    }
  }
  updateForm={[Function proxy]} />
`;
