// Jest Snapshot v1, https://goo.gl/fbAQLP

exports[`AnalysisViewComponent should render properly 1`] = `
<div>
  <div
    className="page-header"
  >
    <h1>
      Analyse detaljer
    </h1>
  </div>
  <form
    className="form-horizontal"
  >
    <MetaInformation
      onClickEdit={[Function]}
    />
    <hr />
    <div
      className="form-group"
    >
      <label
        className="control-label col-md-2"
        htmlFor="type"
      >
        Type analyse:
      </label>
      <div
        className="col-md-10"
      >
        <p
          className="form-control-static"
          id="type"
        />
      </div>
    </div>
    <div
      className="form-group"
    >
      <label
        className="control-label col-md-2"
        htmlFor="reason"
      >
        Formål med analysen:
      </label>
      <div
        className="col-md-10"
      >
        <p
          className="form-control-static"
          id="reason"
        />
      </div>
    </div>
    <div
      className="form-group"
    >
      <label
        className="control-label col-md-2"
        htmlFor="status"
      >
        Status på analysen:
      </label>
      <div
        className="col-md-5"
      >
        <p
          className="form-control-static"
          id="status"
        />
      </div>
    </div>
    <div
      className="form-group"
    >
      <label
        className="control-label col-md-2"
        htmlFor="status"
      >
        Sted for analysen:
      </label>
      <div
        className="col-md-5"
      >
        <p
          className="form-control-static"
          id="status"
        />
      </div>
    </div>
    <div
      className="form-group"
    >
      <label
        className="control-label col-md-2"
        htmlFor="caseNumber"
      >
        Saksnummer:
      </label>
      <div
        className="col-md-10"
      >
        <p
          className="form-control-static"
          id="caseNumber"
        />
      </div>
    </div>
    <hr />
    <div
      className="form-group"
    >
      <label
        className="control-label col-md-2"
        htmlFor="note"
      >
        Beskrivelse/ kommentar:
      </label>
      <div
        className="col-md-10"
      >
        <p
          className="form-control-static"
          id="note"
        />
      </div>
    </div>
    <div
      className="form-group"
    >
      <label
        className="control-label"
      >
        Personer tilknyttet analysen:
      </label>
    </div>
    <hr />
    <div
      className="well"
    >
      <div
        className="form-group"
      >
        <label
          className="control-label col-md-2"
          htmlFor="objects"
        >
          Objekter:
        </label>
        <div
          className="col-md-10"
        >
          <Table
            className="table"
            columns={
              Array [
                Object {
                  "key": "museumNo",
                  "label": "Museumsnr",
                },
                Object {
                  "key": "subNo",
                  "label": "Unr",
                },
                Object {
                  "key": "term",
                  "label": "Term/artsnavn",
                },
              ]
            }
            data={
              Array [
                Object {
                  "museumNo": undefined,
                  "subNo": undefined,
                  "term": undefined,
                },
              ]
            }
            defaultSort={false}
            defaultSortDescending={false}
            filterBy=""
            hideFilterInput={false}
            id="objects"
            itemsPerPage={0}
            noDataText="Ingen objekter"
            sortBy={false}
            sortable={
              Array [
                "museumNumber",
                "subNumber",
                "term",
              ]
            }
          />
        </div>
      </div>
      <hr />
      <div
        className="form-group"
      >
        <label
          className="control-label col-md-2"
          htmlFor="externalSource"
        >
          Ekstern kilde:
        </label>
        <div
          className="col-md-10"
        >
          <p
            className="form-control-static"
            id="externalSource"
          />
        </div>
      </div>
      <div
        className="form-group"
      >
        <label
          className="control-label col-md-2"
          htmlFor="externalFile"
        >
          Vedlegg:
        </label>
        <div
          className="col-md-10"
        >
          <p
            className="form-control-static"
            id="externalFile"
          >
             
          </p>
        </div>
      </div>
      <div
        className="form-group"
      >
        <label
          className="control-label col-md-2"
          htmlFor="comments"
        >
          Kommentar til resultat:
        </label>
        <div
          className="col-md-10"
        >
          <p
            className="form-control-static"
            id="comments"
          />
        </div>
      </div>
      <div
        className="form-group"
      >
        <label
          className="control-label col-md-2"
          htmlFor="restrictions"
        >
          Klausulering:
        </label>
        <div
          className="col-md-10"
        >
          <p
            className="form-control-static"
            id="restrictions"
          >
            Nei
          </p>
        </div>
      </div>
    </div>
  </form>
</div>
`;
