// Jest Snapshot v1, https://goo.gl/fbAQLP

exports[`AnalysisFormComponent should render objects from events 1`] = `
<div
  className="container"
>
  <div
    className="page-header"
  >
    <h1>
      Registrer analyse
    </h1>
  </div>
  <form
    className="form-horizontal"
  >
    <div
      className="form-group"
    >
      <label
        className="control-label col-md-2"
        htmlFor="type"
      >
        Type analyse:
      </label>
      <div>
        <div
          className="col-md-5"
        >
          <select
            className="form-control"
            id="type"
            onChange={[Function]}
            value=""
          >
            <option
              value=""
            >
              Velg kategori
            </option>
          </select>
        </div>
      </div>
    </div>
    <div
      className="form-group"
    >
      <label
        className="control-label col-md-2"
        htmlFor="reason"
      >
        Formål med analysen:
      </label>
      <div
        className="col-md-10"
      >
        <select
          className="form-control"
          id="reason"
          onChange={[Function]}
          value=""
        >
          <option
            value=""
          >
            Velg formål
          </option>
        </select>
      </div>
    </div>
    <div
      className="form-group"
    >
      <label
        className="control-label col-md-2"
        htmlFor="status"
      >
        Status på analysen:
      </label>
      <div
        className="col-md-10"
      >
        <select
          className="form-control"
          id="status"
          onChange={[Function]}
          value="1"
        >
          <option
            value=""
          >
            Velg formål
          </option>
          <option
            value="1"
          >
            1. Under forberedelse
          </option>
          <option
            value="2"
          >
            2. Analyse påbegynt
          </option>
          <option
            value="3"
          >
            3. Analyse ferdig
          </option>
          <option
            value="4"
          >
            4. Avsluttet uten resultat
          </option>
        </select>
      </div>
    </div>
    <div
      className="form-group"
    >
      <label
        className="control-label col-md-2"
        htmlFor="place"
      >
        Sted for analysen:
      </label>
      <div
        className="col-md-10"
      >
        <select
          className="form-control"
          id="place"
          onChange={[Function]}
          value=""
        >
          <option
            value=""
          >
            Velg analysested
          </option>
        </select>
      </div>
    </div>
    <div
      className="form-group"
    >
      <label
        className="control-label col-md-2"
        htmlFor="casenumber"
      >
        Saksnummer:
      </label>
      <div
        className="col-md-5"
      >
        <input
          className="form-control"
          id="casenumber"
          onChange={[Function]}
          type="text"
          value=""
        />
      </div>
    </div>
    <hr />
    <div
      className="form-group"
    >
      <label
        className="control-label col-md-2"
        htmlFor="note"
      >
        Kommentar:
      </label>
      <div
        className="col-md-10"
      >
        <textarea
          className="form-control"
          id="note"
          onChange={[Function]}
          rows={5}
          value=""
        />
      </div>
    </div>
    <div
      className="form-group"
    >
      <label
        className="control-label"
      >
        Personer tilknyttet analysen:
      </label>
    </div>
    <Component
      appSession={
        Object {
          "accessToken": "45667",
          "actor": Object {
            "fn": "Test",
          },
          "collectionId": "1234",
          "language": Object {
            "isEn": false,
            "isNo": true,
          },
          "museumId": 99,
        }
      }
      fieldName="persons"
      roles={
        Array [
          "responsible",
          "doneBy",
          "administrator",
          "completedBy",
        ]
      }
      showDateForRole={[Function]}
      updateForm={[Function]}
    />
    <hr />
    <div
      className="well"
    >
      <div
        className="form-group"
      >
        <label
          className="col-md-12"
          htmlFor="objects"
        >
          Objekter/prøver:
        </label>
      </div>
      <div
        className="form-group"
      >
        <div
          className="col-md-12 col-md-offset-0"
        >
          <ObjectTable
            objects={
              Array [
                Object {
                  "id": 1,
                  "mainObjectId": 1,
                  "museumNo": "museumNO",
                  "nodeId": "1234",
                  "objectId": 1,
                  "objectType": "collection",
                  "objectUUID": "sdffsdsfsf",
                  "subNo": "subNO",
                  "term": "saks 1",
                  "uuid": "ddlkjlkjfsdf",
                },
                Object {
                  "id": 2,
                  "mainObjectId": 1,
                  "museumNo": "museumNO",
                  "nodeId": "1234",
                  "objectId": 2,
                  "objectType": "collection",
                  "objectUUID": "sdffsdsfsf",
                  "subNo": "subNO",
                  "term": "saks 2",
                  "uuid": "ddlkjlkjfsdf",
                },
              ]
            }
          />
        </div>
        <div
          className="col-md-11 col-md-offset-0"
        >
          <AddButton
            label="Legg til object"
          />
        </div>
      </div>
      <hr />
      <div
        className="form-group"
      >
        <label
          className="control-label col-md-2"
          htmlFor="externalSource"
        >
          Ekstern kilde:
        </label>
        <div
          className="col-md-5"
        >
          <input
            className="form-control"
            id="externalSource"
            onChange={[Function]}
            value=""
          />
        </div>
        <div
          className="col-md-2"
        >
          <button
            className="btn btn-default"
          >
            Lagre
          </button>
        </div>
      </div>
      <div
        className="form-group"
      >
        <label
          className="control-label col-md-2"
          htmlFor="file"
        >
          Last opp fil:
        </label>
        <div
          className="col-md-5"
        >
          <input
            className="form-control"
            id="file"
          />
        </div>
        <div
          className="col-md-2"
        >
          <button
            className="btn btn-default"
          >
            Bla gjennom
          </button>
        </div>
      </div>
      <div
        className="form-group"
      >
        <label
          className="control-label col-md-2"
          htmlFor="resultNote"
        >
          Kommentar til resultat:
        </label>
        <div
          className="col-md-10"
        >
          <textarea
            className="form-control"
            id="resultNote"
            onChange={[Function]}
            rows={5}
            value=""
          />
        </div>
      </div>
      <div
        className="form-group"
      >
        <label
          className="control-label col-md-2"
          htmlFor="isRestricted"
        >
          Klausulering:
        </label>
        <div
          className="col-md-10"
        >
          <div
            className="btn-group"
            data-toggle="buttons"
          >
            <label
              className="btn btn-default "
            >
              <input
                name="options"
                onChange={[Function]}
                type="radio"
              />
               
              Ja
            </label>
            <label
              className="btn btn-default active"
            >
              <input
                name="options"
                onChange={[Function]}
                type="radio"
              />
               
              Nei
            </label>
          </div>
        </div>
      </div>
    </div>
    <hr />
    <button
      className="btn btn-primary"
      onClick={[Function]}
    >
      Lagre
    </button>
     
    <button
      className="btn btn-default"
      onClick={[Function]}
    >
      Avbryt
    </button>
  </form>
</div>
`;
