// Jest Snapshot v1, https://goo.gl/fbAQLP

exports[`AnalysisFormComponent should render objects from events 1`] = `
<div
  className="container"
>
  <div
    className="page-header"
  >
    <h1>
      Analyse
    </h1>
  </div>
  <form
    className="form-horizontal"
  >
    <div
      className="form-group"
    >
      <label
        className="control-label col-md-2"
        htmlFor="type"
      >
        Type analyse
      </label>
      <div>
        <div
          className="col-md-3"
        >
          <select
            className="form-control"
            id="type"
            value=""
          >
            <option
              value=""
            >
              Velg kategori
            </option>
          </select>
        </div>
      </div>
    </div>
    <div
      className="form-group"
    >
      <label
        className="control-label col-md-2"
        htmlFor="reason"
      >
        Formål med analysen
      </label>
      <div
        className="col-md-3"
      >
        <select
          className="form-control"
          id="reason"
          onChange="reason"
          value=""
        >
          <option
            value=""
          >
            Velg formål
          </option>
        </select>
      </div>
    </div>
    <div
      className="form-group"
    >
      <label
        className="control-label col-md-2"
        htmlFor="status"
      >
        Status på analysen
      </label>
      <div
        className="col-md-3"
      >
        <select
          className="form-control"
          id="status"
          onChange="status"
          value="1"
        >
          <option
            value=""
          >
            Velg status
          </option>
          <option
            value="1"
          >
            Under forberedelse
          </option>
          <option
            value="2"
          >
            Analyse påbegynt
          </option>
          <option
            value="3"
          >
            Analyse ferdig
          </option>
          <option
            value="4"
          >
            Avsluttet uten resultat
          </option>
        </select>
      </div>
    </div>
    <div
      className="form-group"
    >
      <label
        className="control-label col-md-2"
        htmlFor="place"
      >
        Analysested
      </label>
      <div
        className="col-md-3"
      >
        <select
          className="form-control"
          id="place"
          onChange="orgId"
          value=""
        >
          <option
            value=""
          >
            Velg analysested
          </option>
        </select>
      </div>
    </div>
    <div
      className="form-group"
    >
      <label
        className="control-label col-md-2"
        htmlFor="casenumber"
      >
        Saksnummer
      </label>
      <div
        className="col-md-3"
      >
        <input
          className="form-control"
          id="casenumber"
          onChange="caseNumbers"
          type="text"
          value=""
        />
      </div>
    </div>
    <hr />
    <div
      className="form-group"
    >
      <label
        className="control-label col-md-2"
        htmlFor="note"
      >
        Kommentar
      </label>
      <div
        className="col-md-6"
      >
        <textarea
          className="form-control"
          id="note"
          onChange="note"
          rows={5}
          value=""
        />
      </div>
    </div>
    <div
      className="form-group"
    >
      <label
        className="control-label"
      >
        Personer tilknyttet analysen
      </label>
    </div>
    <Component
      appSession={
        Object {
          "accessToken": "45667",
          "actor": Object {
            "fn": "Test",
          },
          "collectionId": "1234",
          "language": Object {
            "isEn": false,
            "isNo": true,
          },
          "museumId": 99,
        }
      }
      fieldName="persons"
      getDisplayNameForRole={[Function]}
      personData={Array []}
      roles={
        Array [
          "responsible",
          "doneBy",
          "administrator",
          "completedBy",
        ]
      }
      showDateForRole={[Function]}
      updateForm={[Function]}
    />
    <hr />
    <div
      className="well"
    >
      <div
        className="form-group"
      >
        <label
          className="col-md-12"
          htmlFor="objects"
        >
          Objekter/prøver
        </label>
      </div>
      <div
        className="form-group"
      >
        <div
          className="col-md-12 col-md-offset-0"
        >
          <ExpandableObjectTable
            updateForm={[Function]}
          />
        </div>
        <div
          className="col-md-11 col-md-offset-0"
        >
          <AddButton
            label="Legg til flere objekter/prøver"
          />
        </div>
      </div>
      <hr />
      <Result
        comments=""
        externalSource=""
        updateComments={[Function]}
        updateExternalSource={[Function]}
      />
      <div
        className="form-group"
      >
        <label
          className="control-label col-md-2"
          htmlFor="isRestricted"
        >
          Klausulering
        </label>
        <div
          className="col-md-10"
        >
          <div
            className="btn-group"
            data-toggle="buttons"
          >
            <label
              className="btn btn-default "
            >
              <input
                name="options"
                onChange="restrictions"
                type="radio"
              />
               
              Ja
            </label>
            <label
              className="btn btn-default active"
            >
              <input
                name="options"
                onChange="restrictions"
                type="radio"
              />
               
              Nei
            </label>
          </div>
        </div>
      </div>
    </div>
    <hr />
    <button
      className="btn btn-primary"
      onClick={[Function]}
    >
      Lagre
    </button>
     
    <button
      className="btn btn-default"
      onClick={[Function]}
    >
      Avbryt
    </button>
  </form>
</div>
`;
