// Jest Snapshot v1, https://goo.gl/fbAQLP

exports[`AnalysisFormComponent should render objects from events 1`] = `
<div
  className="container"
>
  <div
    className="page-header"
  >
    <h1>
      Analyse
    </h1>
  </div>
  <form
    className="form-horizontal"
  >
    <FormAnalysisType
      categories={
        Object {
          "lalala": "lalala",
          "lolol": "lolol",
        }
      }
      category={null}
      elementWidth={6}
      hasError={false}
      id="type"
      label="Type analyse"
      labelWidth={2}
      language={
        Object {
          "isEn": false,
          "isNo": true,
        }
      }
      type={null}
      types={
        Array [
          Object {
            "category": "5",
            "enName": "Tull",
            "id": 4,
            "noName": "Tullball",
          },
          Object {
            "category": "5",
            "enName": "Tull2",
            "id": 3,
            "noName": "Tullball2",
          },
        ]
      }
    />
    <FormDescriptionAttribute
      attr={
        Object {
          "attributeKey": "method",
        }
      }
      elementWidth={3}
      id="type"
      label="Metode"
      labelWidth={2}
      onChange="method"
      value="test"
    />
    <FormSelect
      chooseLabel="Velg formål"
      elementWidth={3}
      id="reason"
      label="Formål med analysen"
      labelWidth={2}
      onChange="reason"
      value=""
      values={
        Array [
          Object {
            "id": 1,
            "value": "mål mål",
          },
        ]
      }
    />
    <ValidatedFormGroup
      fields={
        Array [
          Object {
            "defaultValue": 1,
            "mapper": Object {
              "fromRaw": [Function],
              "toRaw": [Function],
            },
            "name": "status",
            "rawValue": "1",
            "validator": Object {
              "rawValidator": [Function],
              "valueValidator": [Function],
            },
          },
        ]
      }
    >
      <label
        className="control-label col-md-2"
        htmlFor="status"
      >
        Status på analysen
      </label>
      <div
        className="col-md-3"
      >
        <select
          className="form-control"
          id="status"
          onChange="status"
          value="1"
        >
          <option
            value=""
          >
            Velg status
          </option>
          <option
            value="1"
          >
            Under forberedelse
          </option>
          <option
            value="2"
          >
            Analyse påbegynt
          </option>
          <option
            value="3"
          >
            Analyse ferdig
          </option>
          <option
            value="4"
          >
            Avsluttet uten resultat
          </option>
        </select>
      </div>
    </ValidatedFormGroup>
    <FormSelect
      chooseLabel="Velg analysested"
      elementWidth={3}
      id="place"
      label="Analysested"
      labelWidth={2}
      onChange="orgId"
      value={null}
      values={
        Array [
          Object {
            "id": "d39305e8-56b2-4d8d-9351-66dab9c1d8e4",
            "value": "Kokko",
          },
          Object {
            "id": "d39305e8-56b2-4d8d-9351-66dab9c1d8e5",
            "value": "Kokkosbolle",
          },
        ]
      }
    />
    <FormInput
      elementWidth={3}
      id="casenumber"
      label="Saksnummer"
      labelWidth={2}
      onChange="caseNumbers"
      value=""
    />
    <hr />
    <FormTextArea
      elementWidth={6}
      id="note"
      label="Kommentar"
      labelWidth={2}
      onChange="note"
      rows={5}
      value=""
    />
    <div
      className="form-group"
    >
      <label
        className="control-label"
      >
        Personer tilknyttet analysen
      </label>
    </div>
    <Component
      appSession={
        Object {
          "accessToken": "45667",
          "actor": Object {
            "fn": "Test",
          },
          "collectionId": "1234",
          "language": Object {
            "isEn": false,
            "isNo": true,
          },
          "museumId": 99,
        }
      }
      fieldName="persons"
      getDisplayNameForRole={[Function]}
      personData={Array []}
      roles={
        Array [
          "responsible",
          "doneBy",
          "administrator",
          "completedBy",
        ]
      }
      showDateForRole={[Function]}
      updateForm={[Function]}
    />
    <hr />
    <div
      className="well"
    >
      <div
        className="form-group"
      >
        <label
          className="col-md-12"
          htmlFor="objects"
        >
          Objekter/prøver
        </label>
      </div>
      <div
        className="form-group"
      >
        <div
          className="col-md-12 col-md-offset-0"
        >
          <ExpandableObjectTable
            appSession={
              Object {
                "accessToken": "45667",
                "actor": Object {
                  "fn": "Test",
                },
                "collectionId": "1234",
                "language": Object {
                  "isEn": false,
                  "isNo": true,
                },
                "museumId": 99,
              }
            }
            updateForm={[Function]}
          />
        </div>
      </div>
      <hr />
      <Result
        appSession={
          Object {
            "accessToken": "45667",
            "actor": Object {
              "fn": "Test",
            },
            "collectionId": "1234",
            "language": Object {
              "isEn": false,
              "isNo": true,
            },
            "museumId": 99,
          }
        }
        comments=""
        externalSource=""
        parentObjectId={null}
        updateComments={[Function]}
        updateExternalSource={[Function]}
      />
      <div
        className="form-group"
      >
        <label
          className="control-label col-md-2"
          htmlFor="isRestricted"
        >
          Klausulering
        </label>
        <div
          className="col-md-10"
        >
          <div
            className="btn-group"
            data-toggle="buttons"
          >
            <label
              className="btn btn-default "
            >
              <input
                name="options"
                onClick="restrictions"
                type="radio"
              />
               
              Ja
            </label>
            <label
              className="btn btn-default active"
            >
              <input
                name="options"
                onClick="restrictions"
                type="radio"
              />
               
              Nei
            </label>
          </div>
        </div>
      </div>
      <FormRestriction
        appSession={
          Object {
            "accessToken": "45667",
            "actor": Object {
              "fn": "Test",
            },
            "collectionId": "1234",
            "language": Object {
              "isEn": false,
              "isNo": true,
            },
            "museumId": 99,
          }
        }
        clickSave={[Function]}
        form={
          Object {
            "administrator": Object {
              "defaultValue": null,
              "mapper": Object {
                "fromRaw": [Function],
                "toRaw": [Function],
              },
              "name": "administrator",
              "rawValue": null,
              "validator": Object {
                "rawValidator": null,
              },
            },
            "analysisTypeCategory": Object {
              "defaultValue": null,
              "mapper": Object {
                "fromRaw": [Function],
                "toRaw": [Function],
              },
              "name": "analysisTypeCategory",
              "rawValue": null,
              "validator": Object {
                "rawValidator": null,
              },
              "value": "5",
            },
            "analysisTypeId": Object {
              "defaultValue": null,
              "mapper": Object {
                "fromRaw": [Function],
                "toRaw": [Function],
              },
              "name": "analysisTypeId",
              "rawValue": null,
              "validator": Object {
                "rawValidator": [Function],
                "valueValidator": [Function],
              },
            },
            "caseNumbers": Object {
              "defaultValue": Array [],
              "mapper": Object {
                "fromRaw": [Function],
                "toRaw": [Function],
              },
              "name": "caseNumbers",
              "rawValue": Array [],
              "validator": Object {
                "rawValidator": null,
              },
            },
            "comments": Object {
              "defaultValue": null,
              "mapper": Object {
                "fromRaw": [Function],
                "toRaw": [Function],
              },
              "name": "comments",
              "rawValue": null,
              "validator": Object {
                "rawValidator": null,
              },
            },
            "completeAnalysis": Object {
              "defaultValue": null,
              "mapper": Object {
                "fromRaw": [Function],
                "toRaw": [Function],
              },
              "name": "completeAnalysis",
              "rawValue": false,
              "validator": Object {},
            },
            "completedBy": Object {
              "defaultValue": null,
              "mapper": Object {
                "fromRaw": [Function],
                "toRaw": [Function],
              },
              "name": "completedBy",
              "rawValue": null,
              "validator": Object {
                "rawValidator": null,
              },
            },
            "completedDate": Object {
              "defaultValue": null,
              "mapper": Object {
                "fromRaw": [Function],
                "toRaw": [Function],
              },
              "name": "completedDate",
              "rawValue": null,
              "validator": Object {
                "rawValidator": null,
              },
            },
            "doneBy": Object {
              "defaultValue": null,
              "mapper": Object {
                "fromRaw": [Function],
                "toRaw": [Function],
              },
              "name": "doneBy",
              "rawValue": null,
              "validator": Object {
                "rawValidator": null,
              },
            },
            "doneDate": Object {
              "defaultValue": null,
              "mapper": Object {
                "fromRaw": [Function],
                "toRaw": [Function],
              },
              "name": "doneDate",
              "rawValue": null,
              "validator": Object {
                "rawValidator": null,
              },
            },
            "events": Object {
              "defaultValue": Array [],
              "mapper": Object {
                "fromRaw": [Function],
                "toRaw": [Function],
              },
              "name": "events",
              "rawValue": Array [],
              "validator": Object {
                "rawValidator": null,
              },
            },
            "externalSource": Object {
              "defaultValue": Array [],
              "mapper": Object {
                "fromRaw": [Function],
                "toRaw": [Function],
              },
              "name": "externalSource",
              "rawValue": Array [],
              "validator": Object {
                "rawValidator": null,
              },
            },
            "id": Object {
              "defaultValue": null,
              "mapper": Object {
                "fromRaw": [Function],
                "toRaw": [Function],
              },
              "name": "id",
              "rawValue": null,
              "validator": Object {
                "rawValidator": null,
              },
            },
            "museumNo": Object {
              "defaultValue": null,
              "mapper": Object {
                "fromRaw": [Function],
                "toRaw": [Function],
              },
              "name": "museumNo",
              "rawValue": null,
              "validator": Object {
                "rawValidator": null,
              },
            },
            "note": Object {
              "defaultValue": null,
              "mapper": Object {
                "fromRaw": [Function],
                "toRaw": [Function],
              },
              "name": "note",
              "rawValue": null,
              "validator": Object {
                "rawValidator": null,
              },
            },
            "objectId": Object {
              "defaultValue": null,
              "mapper": Object {
                "fromRaw": [Function],
                "toRaw": [Function],
              },
              "name": "objectId",
              "rawValue": null,
              "validator": Object {
                "rawValidator": null,
              },
            },
            "orgId": Object {
              "defaultValue": null,
              "mapper": Object {
                "fromRaw": [Function],
                "toRaw": [Function],
              },
              "name": "orgId",
              "rawValue": null,
              "validator": Object {
                "rawValidator": null,
                "valueValidator": [Function],
              },
            },
            "partOf": Object {
              "defaultValue": null,
              "mapper": Object {
                "fromRaw": [Function],
                "toRaw": [Function],
              },
              "name": "partOf",
              "rawValue": null,
              "validator": Object {
                "rawValidator": null,
              },
            },
            "persons": Object {
              "defaultValue": Array [],
              "mapper": Object {
                "fromRaw": [Function],
                "toRaw": [Function],
              },
              "name": "persons",
              "rawValue": Array [],
              "validator": Object {
                "rawValidator": null,
              },
            },
            "reason": Object {
              "defaultValue": null,
              "mapper": Object {
                "fromRaw": [Function],
                "toRaw": [Function],
              },
              "name": "reason",
              "rawValue": null,
              "validator": Object {
                "rawValidator": null,
              },
            },
            "registeredBy": Object {
              "defaultValue": null,
              "mapper": Object {
                "fromRaw": [Function],
                "toRaw": [Function],
              },
              "name": "registeredBy",
              "rawValue": null,
              "validator": Object {
                "rawValidator": null,
              },
            },
            "registeredByName": Object {
              "defaultValue": null,
              "mapper": Object {
                "fromRaw": [Function],
                "toRaw": [Function],
              },
              "name": "registeredByName",
              "rawValue": null,
              "validator": Object {
                "rawValidator": null,
              },
            },
            "registeredDate": Object {
              "defaultValue": null,
              "mapper": Object {
                "fromRaw": [Function],
                "toRaw": [Function],
              },
              "name": "registeredDate",
              "rawValue": null,
              "validator": Object {
                "rawValidator": null,
              },
            },
            "responsible": Object {
              "defaultValue": null,
              "mapper": Object {
                "fromRaw": [Function],
                "toRaw": [Function],
              },
              "name": "responsible",
              "rawValue": null,
              "validator": Object {
                "rawValidator": null,
              },
            },
            "restriction": Object {
              "defaultValue": Object {},
              "mapper": Object {
                "fromRaw": [Function],
                "toRaw": [Function],
              },
              "name": "restriction",
              "rawValue": Object {},
              "validator": Object {},
            },
            "restrictions": Object {
              "defaultValue": false,
              "mapper": Object {
                "fromRaw": [Function],
                "toRaw": [Function],
              },
              "name": "restrictions",
              "rawValue": false,
              "validator": Object {},
            },
            "result": Object {
              "defaultValue": null,
              "mapper": Object {
                "fromRaw": [Function],
                "toRaw": [Function],
              },
              "name": "result",
              "rawValue": null,
              "validator": Object {
                "rawValidator": null,
              },
            },
            "status": Object {
              "defaultValue": 1,
              "mapper": Object {
                "fromRaw": [Function],
                "toRaw": [Function],
              },
              "name": "status",
              "rawValue": "1",
              "validator": Object {
                "rawValidator": [Function],
                "valueValidator": [Function],
              },
            },
            "subNo": Object {
              "defaultValue": null,
              "mapper": Object {
                "fromRaw": [Function],
                "toRaw": [Function],
              },
              "name": "subNo",
              "rawValue": null,
              "validator": Object {
                "rawValidator": null,
              },
            },
            "term": Object {
              "defaultValue": null,
              "mapper": Object {
                "fromRaw": [Function],
                "toRaw": [Function],
              },
              "name": "term",
              "rawValue": null,
              "validator": Object {
                "rawValidator": null,
              },
            },
            "type": Object {
              "defaultValue": null,
              "mapper": Object {
                "fromRaw": [Function],
                "toRaw": [Function],
              },
              "name": "type",
              "rawValue": null,
              "validator": Object {
                "rawValidator": null,
              },
            },
            "updatedBy": Object {
              "defaultValue": null,
              "mapper": Object {
                "fromRaw": [Function],
                "toRaw": [Function],
              },
              "name": "updatedBy",
              "rawValue": null,
              "validator": Object {
                "rawValidator": null,
              },
            },
            "updatedByName": Object {
              "defaultValue": null,
              "mapper": Object {
                "fromRaw": [Function],
                "toRaw": [Function],
              },
              "name": "updatedByName",
              "rawValue": null,
              "validator": Object {
                "rawValidator": null,
              },
            },
            "updatedDate": Object {
              "defaultValue": null,
              "mapper": Object {
                "fromRaw": [Function],
                "toRaw": [Function],
              },
              "name": "updatedDate",
              "rawValue": null,
              "validator": Object {
                "rawValidator": null,
              },
            },
          }
        }
        toggleCancelDialog={[Function]}
        updateForm={[Function]}
      />
    </div>
    <hr />
    <button
      className="btn btn-primary"
      disabled={true}
      onClick={[Function]}
    >
      Lagre
    </button>
     
    <button
      className="btn btn-default"
      onClick={[Function]}
    >
      Avbryt
    </button>
  </form>
</div>
`;
