// Jest Snapshot v1, https://goo.gl/fbAQLP

exports[`AnalysisViewComponent should render properly 1`] = `
<div
  className="container"
>
  <div
    className="page-header"
  >
    <h1>
      Analyse detaljer
    </h1>
  </div>
  <form
    className="form-horizontal"
  >
    <MetaInformation
      onClickEdit={[Function]}
    />
    <hr />
    <div
      className="form-group"
    >
      <label
        className="control-label col-md-2"
        htmlFor="type"
      >
        Type analyse:
      </label>
      <div
        className="col-md-10"
      >
        <p
          className="form-control-static"
          id="type"
        />
      </div>
    </div>
    <div
      className="form-group"
    >
      <label
        className="control-label col-md-2"
        htmlFor="reason"
      >
        Formål med analysen:
         
      </label>
      <div
        className="col-md-10"
      >
        <p
          className="form-control-static"
          id="reason"
        />
      </div>
    </div>
    <div
      className="form-group"
    >
      <label
        className="control-label col-md-2"
        htmlFor="status"
      >
        Status på analysen:
      </label>
      <div
        className="col-md-5"
      >
        <p
          className="form-control-static"
          id="status"
        />
      </div>
    </div>
    <div
      className="form-group"
    >
      <label
        className="control-label col-md-2"
        htmlFor="status"
      >
        Sted for analysen:
      </label>
      <div
        className="col-md-5"
      >
        <p
          className="form-control-static"
          id="status"
        />
      </div>
    </div>
    <div
      className="form-group"
    >
      <label
        className="control-label col-md-2"
        htmlFor="caseNumber"
      >
        Saksnummer:
      </label>
      <div
        className="col-md-10"
      >
        <p
          className="form-control-static"
          id="caseNumber"
        />
      </div>
    </div>
    <hr />
    <div
      className="form-group"
    >
      <label
        className="control-label col-md-2"
        htmlFor="note"
      >
        Kommentar:
      </label>
      <div
        className="col-md-10"
      >
        <p
          className="form-control-static"
          id="note"
        />
      </div>
    </div>
    <div
      className="form-group"
    >
      <label
        className="control-label"
      >
        Personer tilknyttet analysen:
      </label>
    </div>
    <hr />
    <div
      className="well"
    >
      <div
        className="form-group"
      >
        <label
          className="col-md-12"
          htmlFor="objects"
        >
          Objekter/prøver:
        </label>
      </div>
      <div
        className="form-group"
      >
        <div
          className="col-md-12 col-md-offset-0"
        >
          <ExpandableObjectTable
            data={
              Array [
                Object {
                  "museumNo": undefined,
                  "subNo": undefined,
                  "term": undefined,
                },
              ]
            }
          />
        </div>
        <div
          className="col-md-11 col-md-offset-0"
        >
          <AddButton
            label="Legg til object"
          />
        </div>
      </div>
      <hr />
      <div
        className="form-group"
      >
        <label
          className="control-label col-md-2"
          htmlFor="externalSource"
        >
          Ekstern kilde:
        </label>
        <div
          className="col-md-10"
        >
          <p
            className="form-control-static"
            id="externalSource"
          />
        </div>
      </div>
      <div
        className="form-group"
      >
        <label
          className="control-label col-md-2"
          htmlFor="comments"
        >
          Kommentar til resultat:
        </label>
        <div
          className="col-md-10"
        >
          <p
            className="form-control-static"
            id="comments"
          />
        </div>
      </div>
      <div
        className="form-group"
      >
        <label
          className="control-label col-md-2"
          htmlFor="restrictions"
        >
          Klausulering:
        </label>
        <div
          className="col-md-10"
        >
          <p
            className="form-control-static"
            id="restrictions"
          >
            Nei
          </p>
        </div>
      </div>
    </div>
  </form>
</div>
`;
