// Jest Snapshot v1, https://goo.gl/fbAQLP

exports[`NodeLeftMenuComponent renders properly 1`] = `
<div>
  <div
    style={
      Object {
        "border": "none",
        "textAlign": "center",
      }
    }
  >
    <Button
      active={false}
      block={false}
      bsClass="btn"
      bsStyle="default"
      disabled={false}
      onClick={[Function]}
      style={
        Object {
          "textAlign": "left",
        }
      }
    >
      <FontAwesome
        name="plus-circle"
        style={
          Object {
            "padding": "2px",
          }
        }
      />
      Ny node
    </Button>
  </div>
  <hr />
  <div
    style={
      Object {
        "border": "none",
        "textAlign": "center",
      }
    }
  >
    Antall undernoder:
    <br />
    <ControlLabel
      bsClass="control-label"
      srOnly={false}
    >
      11
    </ControlLabel>
  </div>
  <div
    style={
      Object {
        "border": "none",
        "textAlign": "center",
      }
    }
  >
    Objekter på node:
    <br />
    <ControlLabel
      bsClass="control-label"
      srOnly={false}
    >
      5
    </ControlLabel>
  </div>
  <div
    style={
      Object {
        "border": "none",
        "textAlign": "center",
      }
    }
  >
    Totalt ant. objekter:
    <br />
    <ControlLabel
      bsClass="control-label"
      srOnly={false}
    >
      78
    </ControlLabel>
  </div>
  <div
    style={
      Object {
        "border": "none",
        "textAlign": "center",
      }
    }
  >
    Prøver på node:
    <br />
    <ControlLabel
      bsClass="control-label"
      srOnly={false}
    />
  </div>
  <div
    style={
      Object {
        "border": "none",
        "textAlign": "center",
      }
    }
  >
    Totalt ant. prøver:
    <br />
    <ControlLabel
      bsClass="control-label"
      srOnly={false}
    />
  </div>
  <hr />
  <div
    style={
      Object {
        "border": "none",
        "textAlign": "center",
      }
    }
  >
    <Button
      active={false}
      block={false}
      bsClass="btn"
      bsStyle="link"
      disabled={false}
      onClick={[Function]}
      style={
        Object {
          "color": "black",
        }
      }
    >
      <FontAwesome
        name="cog"
        style={
          Object {
            "fontSize": "1.5em",
            "padding": "2px",
          }
        }
      />
      <br />
      Egenskaper
    </Button>
  </div>
  <div
    style={
      Object {
        "border": "none",
        "textAlign": "center",
      }
    }
  >
    <Button
      active={false}
      block={false}
      bsClass="btn"
      bsStyle="link"
      disabled={false}
      onClick={[Function]}
      style={
        Object {
          "color": "black",
        }
      }
    >
      <span
        className="icon icon-musitcontrolobsicon"
        style={
          Object {
            "padding": "2px",
          }
        }
      />
      <br />
      Kontr./Observ.
    </Button>
  </div>
  <div
    style={
      Object {
        "border": "none",
        "textAlign": "center",
      }
    }
  >
    <Button
      active={false}
      block={false}
      bsClass="btn"
      bsStyle="link"
      disabled={false}
      onClick={[Function]}
      style={
        Object {
          "color": "black",
        }
      }
    >
      <FontAwesome
        name="truck"
        style={
          Object {
            "fontSize": "1.5em",
            "padding": "2px",
          }
        }
      />
      <br />
      Flytt node
    </Button>
  </div>
  <div
    style={
      Object {
        "border": "none",
        "textAlign": "center",
      }
    }
  >
    <Button
      active={false}
      block={false}
      bsClass="btn"
      bsStyle="link"
      disabled={true}
      onClick={[Function]}
      style={
        Object {
          "color": "black",
        }
      }
    >
      <FontAwesome
        name="trash-o"
        style={
          Object {
            "fontSize": "1.5em",
            "padding": "2px",
          }
        }
      />
      <br />
      Slett
    </Button>
  </div>
</div>
`;

exports[`NodePanel should render properly  1`] = `
<Layout
  breadcrumb={
    <Breadcrumb
      disabled={true}
    />
  }
  content={
    <Component
      component="div"
      loaded={false}
      loadedClassName="loadedContent"
      parentClassName="loader"
    >
      <Grid
        bsClass="container"
        componentClass="div"
        fluid={false}
      >
        <Row
          bsClass="row"
          componentClass="div"
        >
          <Col
            bsClass="col"
            componentClass="div"
            md={9}
          >
            <form
              onKeyDown={[Function]}
              onSubmit={[Function]}
            >
              <div>
                <h4
                  style={
                    Object {
                      "textAlign": "center",
                    }
                  }
                >
                  Egenskaper
                </h4>
                <Grid
                  bsClass="container"
                  componentClass="div"
                  fluid={false}
                >
                  <Row
                    bsClass="row"
                    className="row-centered"
                    componentClass="div"
                  >
                    <Col
                      bsClass="col"
                      componentClass="div"
                      md={5}
                    >
                      <Form
                        bsClass="form"
                        componentClass="form"
                        horizontal={true}
                        inline={false}
                      >
                        <div
                          className="form-group"
                        >
                          <label
                            className="col-sm-3 control-label"
                            htmlFor="storageUnitType"
                          >
                            Type
                            <span
                              style={
                                Object {
                                  "color": "red",
                                }
                              }
                            >
                              *
                            </span>
                          </label>
                          <div
                            className="col-sm-4"
                          >
                            <MusitDropDownField
                              disabled={true}
                              id="type"
                              items={
                                Array [
                                  "StorageUnit",
                                  "Room",
                                  "Building",
                                  "Organisation",
                                ]
                              }
                              maximumLength={100}
                              onChange={[Function]}
                              placeHolder="Vennligst velg..."
                              tooltip="Nodens type"
                              translateKeyPrefix="musit.storageUnits.type.items."
                              validate="text"
                              value="Organisation"
                            />
                          </div>
                        </div>
                      </Form>
                    </Col>
                  </Row>
                  <Row
                    bsClass="row"
                    componentClass="div"
                  >
                    <Col
                      bsClass="col"
                      componentClass="div"
                      md={5}
                    >
                      <Form
                        bsClass="form"
                        componentClass="form"
                        horizontal={true}
                        inline={false}
                      >
                        <FormGroup
                          bsClass="form-group"
                        >
                          <label
                            className="col-sm-3 control-label"
                            htmlFor="name"
                          >
                            Navn
                            <span
                              style={
                                Object {
                                  "color": "red",
                                }
                              }
                            >
                              *
                            </span>
                          </label>
                          <div
                            className="col-sm-8"
                          >
                            <MusitField
                              id="name"
                              maximumLength={100}
                              onChange={[Function]}
                              placeHolder="Fritekst"
                              tooltip="Navn på noden"
                              validate="text"
                              value="NHM"
                            />
                          </div>
                        </FormGroup>
                      </Form>
                    </Col>
                    <Col
                      bsClass="col"
                      componentClass="div"
                      md={5}
                    >
                      <Form
                        bsClass="form"
                        componentClass="form"
                        horizontal={true}
                        inline={false}
                      >
                        <FormGroup
                          bsClass="form-group"
                        >
                          <label
                            className="col-sm-3 control-label"
                            htmlFor="address"
                          >
                            Adresse
                          </label>
                          <div
                            className="col-sm-8"
                          >
                            <Component
                              id="addressField"
                              onChange={[Function]}
                              placeHolder="Find address"
                              value="Sars gate 11"
                            />
                          </div>
                        </FormGroup>
                      </Form>
                    </Col>
                  </Row>
                  <Row
                    bsClass="row"
                    className="row-centered"
                    componentClass="div"
                  >
                    <Col
                      bsClass="col"
                      componentClass="div"
                      md={5}
                    >
                      <Form
                        bsClass="form"
                        componentClass="form"
                        horizontal={true}
                        inline={false}
                      >
                        <div
                          className="form-group"
                        >
                          <label
                            className="col-sm-3 control-label"
                            htmlFor="comments2"
                          >
                            Areal
                          </label>
                          <div
                            className="col-sm-4"
                          >
                            <MusitField
                              id="area"
                              onChange={[Function]}
                              placeHolder="fra"
                              precision={3}
                              tooltip="Nodens areal i m²"
                              validate="number"
                              value="10"
                            />
                          </div>
                          <div
                            className="col-sm-4"
                          >
                            <MusitField
                              id="areaTo"
                              onChange={[Function]}
                              placeHolder="til"
                              precision={3}
                              tooltip="Nodens areal i m²"
                              validate="number"
                              value="12"
                            />
                          </div>
                        </div>
                      </Form>
                    </Col>
                    <Col
                      bsClass="col"
                      componentClass="div"
                      md={5}
                    >
                      <Form
                        bsClass="form"
                        componentClass="form"
                        horizontal={true}
                        inline={false}
                      >
                        <div
                          className="form-group"
                        >
                          <label
                            className="col-sm-3 control-label"
                            htmlFor="controlId"
                          >
                            Høyde
                          </label>
                          <div
                            className="col-sm-4"
                          >
                            <MusitField
                              id="height"
                              onChange={[Function]}
                              placeHolder="fra"
                              precision={3}
                              tooltip="Nodens høyde i m"
                              validate="number"
                              value="3"
                            />
                          </div>
                          <div
                            className="col-sm-4"
                          >
                            <MusitField
                              id="heightTo"
                              onChange={[Function]}
                              placeHolder="til"
                              precision={3}
                              tooltip="Nodens høyde i m"
                              validate="number"
                              value="5"
                            />
                          </div>
                        </div>
                      </Form>
                    </Col>
                  </Row>
                </Grid>
                <Row
                  bsClass="row"
                  componentClass="div"
                >
                  <Col
                    bsClass="col"
                    componentClass="div"
                    style={
                      Object {
                        "textAlign": "center",
                      }
                    }
                  >
                    <h4>
                      Miljødata
                    </h4>
                  </Col>
                </Row>
                <div>
                  <Grid
                    bsClass="container"
                    componentClass="div"
                    fluid={false}
                  >
                    <Row
                      bsClass="row"
                      className="row-centered"
                      componentClass="div"
                    >
                      <Col
                        bsClass="col"
                        componentClass="div"
                        md={5}
                      >
                        <Form
                          bsClass="form"
                          componentClass="form"
                          horizontal={true}
                          inline={false}
                        >
                          <div
                            className="form-group"
                          >
                            <label
                              className="col-sm-3 control-label"
                              htmlFor="comments2"
                            >
                              Temperatur
                            </label>
                            <div
                              className="col-sm-4"
                            >
                              <MusitField
                                id="temperature"
                                onChange={[Function]}
                                placeHolder="°C"
                                precision={3}
                                tooltip="Krav til temperatur i °C"
                                validate="number"
                                value="12"
                              />
                            </div>
                            <div
                              className="col-sm-4"
                            >
                              <MusitField
                                id="temperatureTolerance"
                                onChange={[Function]}
                                placeHolder="°C"
                                precision={0}
                                tooltip="Toleranse"
                                validate="number"
                                value="3"
                              />
                            </div>
                          </div>
                        </Form>
                      </Col>
                      <Col
                        bsClass="col"
                        componentClass="div"
                        md={5}
                      >
                        <Form
                          bsClass="form"
                          componentClass="form"
                          horizontal={true}
                          inline={false}
                        >
                          <div
                            className="form-group"
                          >
                            <label
                              className="col-sm-3 control-label"
                              htmlFor="comments2"
                            >
                              Rel. luftfuktighet
                            </label>
                            <div
                              className="col-sm-4"
                            >
                              <MusitField
                                id="relativeHumidity"
                                onChange={[Function]}
                                placeHolder="%"
                                precision={3}
                                tooltip="Krav til relativ luftfuktighet i %"
                                validate="number"
                                value="67"
                              />
                            </div>
                            <div
                              className="col-sm-4"
                            >
                              <MusitField
                                id="relativeHumidityTolerance"
                                onChange={[Function]}
                                placeHolder="%"
                                precision={0}
                                tooltip="Toleranse"
                                validate="number"
                                value="2"
                              />
                            </div>
                          </div>
                        </Form>
                      </Col>
                    </Row>
                    <Row
                      bsClass="row"
                      className="row-centered"
                      componentClass="div"
                    >
                      <Col
                        bsClass="col"
                        componentClass="div"
                        md={5}
                      >
                        <Form
                          bsClass="form"
                          componentClass="form"
                          horizontal={true}
                          inline={false}
                        >
                          <div
                            className="form-group"
                          >
                            <label
                              className="col-sm-3 control-label"
                              htmlFor="comments2"
                            >
                              Inertluft
                            </label>
                            <div
                              className="col-sm-4"
                            >
                              <MusitField
                                id="hypoxicAir"
                                onChange={[Function]}
                                placeHolder="% O₂"
                                precision={3}
                                tooltip="Krav til inertluft i % O₂"
                                validate="number"
                                value="23"
                              />
                            </div>
                            <div
                              className="col-sm-4"
                            >
                              <MusitField
                                id="hypoxicAirTolerance"
                                onChange={[Function]}
                                placeHolder="% O₂"
                                precision={0}
                                tooltip="Toleranse"
                                validate="number"
                                value="2"
                              />
                            </div>
                          </div>
                        </Form>
                      </Col>
                      <Col
                        bsClass="col"
                        componentClass="div"
                        md={5}
                      >
                        <Form
                          bsClass="form"
                          componentClass="form"
                          horizontal={true}
                          inline={false}
                        >
                          <FormGroup
                            bsClass="form-group"
                          >
                            <label
                              className="col-sm-3 control-label"
                              htmlFor="cleaning"
                            >
                              Renhold
                            </label>
                            <div
                              className="col-sm-8"
                            >
                              <MusitField
                                id="cleaning"
                                maximumLength={100}
                                onChange={[Function]}
                                tooltip="Krav til renhold"
                                validate="text"
                                value="Urent"
                              />
                            </div>
                          </FormGroup>
                        </Form>
                      </Col>
                    </Row>
                    <Row
                      bsClass="row"
                      className="row-centered"
                      componentClass="div"
                    >
                      <Col
                        bsClass="col"
                        componentClass="div"
                        md={5}
                      >
                        <Form
                          bsClass="form"
                          componentClass="form"
                          horizontal={true}
                          inline={false}
                        >
                          <FormGroup
                            bsClass="form-group"
                          >
                            <label
                              className="col-sm-3 control-label"
                              htmlFor="lightingCondition"
                            >
                              Lysforhold
                            </label>
                            <div
                              className="col-sm-8"
                            >
                              <MusitField
                                id="lightingCondition"
                                maximumLength={100}
                                onChange={[Function]}
                                tooltip="Krav til lysforhold"
                                validate="text"
                                value="For mørkt"
                              />
                            </div>
                          </FormGroup>
                        </Form>
                      </Col>
                    </Row>
                    <Row
                      bsClass="row"
                      componentClass="div"
                    >
                      <Col
                        bsClass="col"
                        componentClass="div"
                        md={5}
                      >
                        <Form
                          bsClass="form"
                          componentClass="form"
                          horizontal={true}
                          inline={false}
                        >
                          <FormGroup
                            bsClass="form-group"
                          >
                            <label
                              className="col-sm-3 control-label"
                              htmlFor="comments"
                            >
                              Kommentar
                            </label>
                            <div
                              className="col-sm-8"
                            >
                              <MusitTextArea
                                id="comments"
                                maximumLength={250}
                                numberOfRows={4}
                                onChange={[Function]}
                                tooltip="Kommentar"
                                validate="text"
                                value="Hei hei"
                              />
                            </div>
                          </FormGroup>
                        </Form>
                      </Col>
                    </Row>
                  </Grid>
                </div>
                <Grid
                  bsClass="container"
                  componentClass="div"
                  fluid={false}
                >
                  <Row
                    bsClass="row"
                    componentClass="div"
                  >
                    <br />
                    <br />
                  </Row>
                  <Row
                    bsClass="row"
                    componentClass="div"
                  >
                    <Col
                      bsClass="col"
                      componentClass="div"
                      sm={8}
                    />
                    <Col
                      bsClass="col"
                      componentClass="div"
                      sm={4}
                    >
                      <span>
                        <b>
                          Sist endret av: 
                        </b>
                         
                        Jarl André Hübenthal
                        <br />
                        <b>
                          Sist endret dato: 
                        </b>
                        19.02.2017
                      </span>
                    </Col>
                  </Row>
                </Grid>
              </div>
            </form>
          </Col>
        </Row>
      </Grid>
    </Component>
  }
  leftMenu={
    <div
      style={
        Object {
          "minHeight": 0,
        }
      }
    />
  }
  title="Magasin"
  toolbar={<span />}
/>
`;
