exports[`ObservationControlGrid Check the 1st row Date value 1`] = `
<ObservationControlGrid
  id="1"
  tableData={
    Array [
      Object {
        "doneBy": "Blablabla...",
        "doneDate": "2017-01-01T09:42:52+00:00",
        "eventType": "control",
        "id": 1,
        "lightingCondition": Object {
          "ok": true
        },
        "registeredBy": "Blabla...",
        "registeredDate": "2017-01-04T09:42:57+00:00"
      },
      Object {
        "doneBy": undefined,
        "doneDate": "2017-01-01T09:42:52+00:00",
        "eventType": "control",
        "id": 1,
        "registeredBy": "Blabla...",
        "registeredDate": "2017-01-04T09:42:57+00:00",
        "temperature": Object {
          "ok": true
        }
      },
      Object {
        "doneBy": "Blablabla...",
        "doneDate": "2017-01-01T09:42:52+00:00",
        "eventType": "control",
        "hypoxicAir": Object {
          "ok": true
        },
        "id": 1,
        "registeredBy": "Blabla...",
        "registeredDate": "2017-01-04T09:42:57+00:00"
      },
      Object {
        "doneBy": "Blablabla...",
        "doneDate": "2017-01-01T09:42:52+00:00",
        "eventType": "control",
        "id": 1,
        "registeredBy": "Blabla...",
        "registeredDate": "2017-01-04T09:42:57+00:00",
        "relativeHumidity": Object {
          "ok": true
        }
      },
      Object {
        "cleaning": Object {
          "ok": true
        },
        "doneBy": "Blablabla...",
        "doneDate": "2017-01-01T09:42:52+00:00",
        "eventType": "control",
        "id": 1,
        "registeredBy": "Blabla...",
        "registeredDate": "2017-01-04T09:42:57+00:00"
      },
      Object {
        "doneBy": "Blablabla...",
        "doneDate": "2017-01-01T09:42:52+00:00",
        "eventType": "control",
        "id": 1,
        "mold": Object {
          "ok": true
        },
        "registeredBy": "Blabla...",
        "registeredDate": "2017-01-04T09:42:57+00:00"
      },
      Object {
        "alcohol": Object {
          "ok": true
        },
        "doneBy": "Blablabla...",
        "doneDate": "2017-01-01T09:42:52+00:00",
        "eventType": "control",
        "id": 1,
        "registeredBy": "Blabla...",
        "registeredDate": "2017-01-04T09:42:57+00:00"
      },
      Object {
        "doneBy": "Blablabla...",
        "doneDate": "2017-01-01T09:42:52+00:00",
        "eventType": "control",
        "gas": Object {
          "ok": true
        },
        "id": 1,
        "registeredBy": "Blabla...",
        "registeredDate": "2017-01-04T09:42:57+00:00"
      },
      Object {
        "doneBy": "Blablabla...",
        "doneDate": "2017-01-01T09:42:52+00:00",
        "eventType": "control",
        "id": 1,
        "registeredBy": "Blabla...",
        "registeredDate": "2017-01-04T09:42:57+00:00",
        "waterDamageAssessment": Object {
          "ok": true
        }
      },
      Object {
        "doneBy": "Blablabla...",
        "doneDate": "2017-01-01T09:42:52+00:00",
        "eventType": "control",
        "fireProtection": Object {
          "ok": true
        },
        "id": 1,
        "registeredBy": "Blabla...",
        "registeredDate": "2017-01-04T09:42:57+00:00"
      },
      Object {
        "doneBy": "Blablabla...",
        "doneDate": "2017-01-01T09:42:52+00:00",
        "eventType": "control",
        "id": 1,
        "registeredBy": "Blabla...",
        "registeredDate": "2017-01-04T09:42:57+00:00",
        "theftProtection": Object {
          "ok": true
        }
      },
      Object {
        "doneBy": "Blablabla...",
        "doneDate": "2017-01-01T09:42:52+00:00",
        "eventType": "control",
        "id": 1,
        "perimeterSecurity": Object {
          "ok": true
        },
        "registeredBy": "Blabla...",
        "registeredDate": "2017-01-04T09:42:57+00:00"
      },
      Object {
        "doneBy": "Blablabla...",
        "doneDate": "2017-01-01T09:42:52+00:00",
        "eventType": "control",
        "id": 1,
        "pest": Object {
          "ok": true
        },
        "registeredBy": "Blabla...",
        "registeredDate": "2017-01-04T09:42:57+00:00"
      }
    ]
  }
  translate={[Function translate]}>
  <FormGroup
    bsClass="form-group">
    <div
      className="form-group">
      <div>
        <Table
          bordered={false}
          bsClass="table"
          condensed={true}
          hover={true}
          responsive={true}
          striped={false}>
          <div
            className="table-responsive">
            <table
              className="table table-condensed table-hover">
              <thead>
                <tr>
                  <th />
                  <th>
                    Date
                  </th>
                  <th>
                    Types
                  </th>
                  <th>
                    Performed by
                  </th>
                  <th>
                    Reg. date
                  </th>
                  <th>
                    Reg. by
                  </th>
                </tr>
              </thead>
              <tbody>
                <tr
                  id="1_2017-01-01T09:42:52+00:00"
                  onClick={[Function onClick]}
                  style={
                    Object {
                      "cursor": "pointer"
                    }
                  }>
                  <td
                    id="1_2017-01-01T09:42:52+00:00_type">
                    <div
                      className="icon icon-musitcontrolicon"
                      title="Control" />
                  </td>
                  <td
                    id="1_2017-01-01T09:42:52+00:00_date">
                    01.01.2017
                  </td>
                  <td
                    id="1_2017-01-01T09:42:52+00:00_types">
                    <span
                      className="icon icon-musitlightingcondicon"
                      style={
                        Object {
                          "color": "darkgray",
                          "padding": "2px"
                        }
                      }
                      title="Lighting condition" />
                  </td>
                  <td
                    id="1_2017-01-01T09:42:52+00:00_doneBy">
                    Blablabla...
                  </td>
                  <td
                    id="1_2017-01-01T09:42:52+00:00_registeredDate">
                    04.01.2017
                  </td>
                  <td
                    id="1_2017-01-01T09:42:52+00:00_registeredBy">
                    Blabla...
                  </td>
                </tr>
                <tr
                  id="1_2017-01-01T09:42:52+00:00"
                  onClick={[Function onClick]}
                  style={
                    Object {
                      "cursor": "pointer"
                    }
                  }>
                  <td
                    id="1_2017-01-01T09:42:52+00:00_type">
                    <div
                      className="icon icon-musitcontrolicon"
                      title="Control" />
                  </td>
                  <td
                    id="1_2017-01-01T09:42:52+00:00_date">
                    01.01.2017
                  </td>
                  <td
                    id="1_2017-01-01T09:42:52+00:00_types">
                    <span
                      className="icon icon-musittemperatureicon"
                      style={
                        Object {
                          "color": "darkgray",
                          "padding": "2px"
                        }
                      }
                      title="Temperature" />
                  </td>
                  <td
                    id="1_2017-01-01T09:42:52+00:00_doneBy" />
                  <td
                    id="1_2017-01-01T09:42:52+00:00_registeredDate">
                    04.01.2017
                  </td>
                  <td
                    id="1_2017-01-01T09:42:52+00:00_registeredBy">
                    Blabla...
                  </td>
                </tr>
                <tr
                  id="1_2017-01-01T09:42:52+00:00"
                  onClick={[Function onClick]}
                  style={
                    Object {
                      "cursor": "pointer"
                    }
                  }>
                  <td
                    id="1_2017-01-01T09:42:52+00:00_type">
                    <div
                      className="icon icon-musitcontrolicon"
                      title="Control" />
                  </td>
                  <td
                    id="1_2017-01-01T09:42:52+00:00_date">
                    01.01.2017
                  </td>
                  <td
                    id="1_2017-01-01T09:42:52+00:00_types">
                    <span
                      className="icon icon-musithypoxicairicon"
                      style={
                        Object {
                          "color": "darkgray",
                          "padding": "2px"
                        }
                      }
                      title="Hypoxic air" />
                  </td>
                  <td
                    id="1_2017-01-01T09:42:52+00:00_doneBy">
                    Blablabla...
                  </td>
                  <td
                    id="1_2017-01-01T09:42:52+00:00_registeredDate">
                    04.01.2017
                  </td>
                  <td
                    id="1_2017-01-01T09:42:52+00:00_registeredBy">
                    Blabla...
                  </td>
                </tr>
                <tr
                  id="1_2017-01-01T09:42:52+00:00"
                  onClick={[Function onClick]}
                  style={
                    Object {
                      "cursor": "pointer"
                    }
                  }>
                  <td
                    id="1_2017-01-01T09:42:52+00:00_type">
                    <div
                      className="icon icon-musitcontrolicon"
                      title="Control" />
                  </td>
                  <td
                    id="1_2017-01-01T09:42:52+00:00_date">
                    01.01.2017
                  </td>
                  <td
                    id="1_2017-01-01T09:42:52+00:00_types">
                    <span
                      className="icon icon-musitrelhumidityicon"
                      style={
                        Object {
                          "color": "darkgray",
                          "padding": "2px"
                        }
                      }
                      title="Relative humidity" />
                  </td>
                  <td
                    id="1_2017-01-01T09:42:52+00:00_doneBy">
                    Blablabla...
                  </td>
                  <td
                    id="1_2017-01-01T09:42:52+00:00_registeredDate">
                    04.01.2017
                  </td>
                  <td
                    id="1_2017-01-01T09:42:52+00:00_registeredBy">
                    Blabla...
                  </td>
                </tr>
                <tr
                  id="1_2017-01-01T09:42:52+00:00"
                  onClick={[Function onClick]}
                  style={
                    Object {
                      "cursor": "pointer"
                    }
                  }>
                  <td
                    id="1_2017-01-01T09:42:52+00:00_type">
                    <div
                      className="icon icon-musitcontrolicon"
                      title="Control" />
                  </td>
                  <td
                    id="1_2017-01-01T09:42:52+00:00_date">
                    01.01.2017
                  </td>
                  <td
                    id="1_2017-01-01T09:42:52+00:00_types">
                    <span
                      className="icon icon-musitcleaningicon"
                      style={
                        Object {
                          "color": "darkgray",
                          "padding": "2px"
                        }
                      }
                      title="Cleaning" />
                  </td>
                  <td
                    id="1_2017-01-01T09:42:52+00:00_doneBy">
                    Blablabla...
                  </td>
                  <td
                    id="1_2017-01-01T09:42:52+00:00_registeredDate">
                    04.01.2017
                  </td>
                  <td
                    id="1_2017-01-01T09:42:52+00:00_registeredBy">
                    Blabla...
                  </td>
                </tr>
                <tr
                  id="1_2017-01-01T09:42:52+00:00"
                  onClick={[Function onClick]}
                  style={
                    Object {
                      "cursor": "pointer"
                    }
                  }>
                  <td
                    id="1_2017-01-01T09:42:52+00:00_type">
                    <div
                      className="icon icon-musitcontrolicon"
                      title="Control" />
                  </td>
                  <td
                    id="1_2017-01-01T09:42:52+00:00_date">
                    01.01.2017
                  </td>
                  <td
                    id="1_2017-01-01T09:42:52+00:00_types">
                    <span
                      className="icon icon-musitmoldicon"
                      style={
                        Object {
                          "color": "darkgray",
                          "padding": "2px"
                        }
                      }
                      title="Mold" />
                  </td>
                  <td
                    id="1_2017-01-01T09:42:52+00:00_doneBy">
                    Blablabla...
                  </td>
                  <td
                    id="1_2017-01-01T09:42:52+00:00_registeredDate">
                    04.01.2017
                  </td>
                  <td
                    id="1_2017-01-01T09:42:52+00:00_registeredBy">
                    Blabla...
                  </td>
                </tr>
                <tr
                  id="1_2017-01-01T09:42:52+00:00"
                  onClick={[Function onClick]}
                  style={
                    Object {
                      "cursor": "pointer"
                    }
                  }>
                  <td
                    id="1_2017-01-01T09:42:52+00:00_type">
                    <div
                      className="icon icon-musitcontrolicon"
                      title="Control" />
                  </td>
                  <td
                    id="1_2017-01-01T09:42:52+00:00_date">
                    01.01.2017
                  </td>
                  <td
                    id="1_2017-01-01T09:42:52+00:00_types">
                    <span
                      className="icon icon-musitalcoholicon"
                      style={
                        Object {
                          "color": "darkgray",
                          "padding": "2px"
                        }
                      }
                      title="Alcohol" />
                  </td>
                  <td
                    id="1_2017-01-01T09:42:52+00:00_doneBy">
                    Blablabla...
                  </td>
                  <td
                    id="1_2017-01-01T09:42:52+00:00_registeredDate">
                    04.01.2017
                  </td>
                  <td
                    id="1_2017-01-01T09:42:52+00:00_registeredBy">
                    Blabla...
                  </td>
                </tr>
                <tr
                  id="1_2017-01-01T09:42:52+00:00"
                  onClick={[Function onClick]}
                  style={
                    Object {
                      "cursor": "pointer"
                    }
                  }>
                  <td
                    id="1_2017-01-01T09:42:52+00:00_type">
                    <div
                      className="icon icon-musitcontrolicon"
                      title="Control" />
                  </td>
                  <td
                    id="1_2017-01-01T09:42:52+00:00_date">
                    01.01.2017
                  </td>
                  <td
                    id="1_2017-01-01T09:42:52+00:00_types">
                    <span
                      className="icon icon-musitgasicon"
                      style={
                        Object {
                          "color": "darkgray",
                          "padding": "2px"
                        }
                      }
                      title="Gas" />
                  </td>
                  <td
                    id="1_2017-01-01T09:42:52+00:00_doneBy">
                    Blablabla...
                  </td>
                  <td
                    id="1_2017-01-01T09:42:52+00:00_registeredDate">
                    04.01.2017
                  </td>
                  <td
                    id="1_2017-01-01T09:42:52+00:00_registeredBy">
                    Blabla...
                  </td>
                </tr>
                <tr
                  id="1_2017-01-01T09:42:52+00:00"
                  onClick={[Function onClick]}
                  style={
                    Object {
                      "cursor": "pointer"
                    }
                  }>
                  <td
                    id="1_2017-01-01T09:42:52+00:00_type">
                    <div
                      className="icon icon-musitcontrolicon"
                      title="Control" />
                  </td>
                  <td
                    id="1_2017-01-01T09:42:52+00:00_date">
                    01.01.2017
                  </td>
                  <td
                    id="1_2017-01-01T09:42:52+00:00_types">
                    <span
                      className="icon icon-musitwaterdamageicon"
                      style={
                        Object {
                          "color": "darkgray",
                          "padding": "2px"
                        }
                      }
                      title="Water damage assessment" />
                  </td>
                  <td
                    id="1_2017-01-01T09:42:52+00:00_doneBy">
                    Blablabla...
                  </td>
                  <td
                    id="1_2017-01-01T09:42:52+00:00_registeredDate">
                    04.01.2017
                  </td>
                  <td
                    id="1_2017-01-01T09:42:52+00:00_registeredBy">
                    Blabla...
                  </td>
                </tr>
                <tr
                  id="1_2017-01-01T09:42:52+00:00"
                  onClick={[Function onClick]}
                  style={
                    Object {
                      "cursor": "pointer"
                    }
                  }>
                  <td
                    id="1_2017-01-01T09:42:52+00:00_type">
                    <div
                      className="icon icon-musitcontrolicon"
                      title="Control" />
                  </td>
                  <td
                    id="1_2017-01-01T09:42:52+00:00_date">
                    01.01.2017
                  </td>
                  <td
                    id="1_2017-01-01T09:42:52+00:00_types">
                    <span
                      className="icon icon-musitfireprotectionicon"
                      style={
                        Object {
                          "color": "darkgray",
                          "padding": "2px"
                        }
                      }
                      title="Fire protection" />
                  </td>
                  <td
                    id="1_2017-01-01T09:42:52+00:00_doneBy">
                    Blablabla...
                  </td>
                  <td
                    id="1_2017-01-01T09:42:52+00:00_registeredDate">
                    04.01.2017
                  </td>
                  <td
                    id="1_2017-01-01T09:42:52+00:00_registeredBy">
                    Blabla...
                  </td>
                </tr>
                <tr
                  id="1_2017-01-01T09:42:52+00:00"
                  onClick={[Function onClick]}
                  style={
                    Object {
                      "cursor": "pointer"
                    }
                  }>
                  <td
                    id="1_2017-01-01T09:42:52+00:00_type">
                    <div
                      className="icon icon-musitcontrolicon"
                      title="Control" />
                  </td>
                  <td
                    id="1_2017-01-01T09:42:52+00:00_date">
                    01.01.2017
                  </td>
                  <td
                    id="1_2017-01-01T09:42:52+00:00_types">
                    <span
                      className="icon icon-musittheftprotectionicon"
                      style={
                        Object {
                          "color": "darkgray",
                          "padding": "2px"
                        }
                      }
                      title="Theft protection" />
                  </td>
                  <td
                    id="1_2017-01-01T09:42:52+00:00_doneBy">
                    Blablabla...
                  </td>
                  <td
                    id="1_2017-01-01T09:42:52+00:00_registeredDate">
                    04.01.2017
                  </td>
                  <td
                    id="1_2017-01-01T09:42:52+00:00_registeredBy">
                    Blabla...
                  </td>
                </tr>
                <tr
                  id="1_2017-01-01T09:42:52+00:00"
                  onClick={[Function onClick]}
                  style={
                    Object {
                      "cursor": "pointer"
                    }
                  }>
                  <td
                    id="1_2017-01-01T09:42:52+00:00_type">
                    <div
                      className="icon icon-musitcontrolicon"
                      title="Control" />
                  </td>
                  <td
                    id="1_2017-01-01T09:42:52+00:00_date">
                    01.01.2017
                  </td>
                  <td
                    id="1_2017-01-01T09:42:52+00:00_types">
                    <span
                      className="icon icon-musitperimetersecurityicon"
                      style={
                        Object {
                          "color": "darkgray",
                          "padding": "2px"
                        }
                      }
                      title="Perimeter security" />
                  </td>
                  <td
                    id="1_2017-01-01T09:42:52+00:00_doneBy">
                    Blablabla...
                  </td>
                  <td
                    id="1_2017-01-01T09:42:52+00:00_registeredDate">
                    04.01.2017
                  </td>
                  <td
                    id="1_2017-01-01T09:42:52+00:00_registeredBy">
                    Blabla...
                  </td>
                </tr>
                <tr
                  id="1_2017-01-01T09:42:52+00:00"
                  onClick={[Function onClick]}
                  style={
                    Object {
                      "cursor": "pointer"
                    }
                  }>
                  <td
                    id="1_2017-01-01T09:42:52+00:00_type">
                    <div
                      className="icon icon-musitcontrolicon"
                      title="Control" />
                  </td>
                  <td
                    id="1_2017-01-01T09:42:52+00:00_date">
                    01.01.2017
                  </td>
                  <td
                    id="1_2017-01-01T09:42:52+00:00_types">
                    <span
                      className="icon icon-musitpesticon"
                      style={
                        Object {
                          "color": "darkgray",
                          "padding": "2px"
                        }
                      }
                      title="Pest" />
                  </td>
                  <td
                    id="1_2017-01-01T09:42:52+00:00_doneBy">
                    Blablabla...
                  </td>
                  <td
                    id="1_2017-01-01T09:42:52+00:00_registeredDate">
                    04.01.2017
                  </td>
                  <td
                    id="1_2017-01-01T09:42:52+00:00_registeredBy">
                    Blabla...
                  </td>
                </tr>
              </tbody>
            </table>
          </div>
        </Table>
      </div>
    </div>
  </FormGroup>
</ObservationControlGrid>
`;
