// Jest Snapshot v1, https://goo.gl/fbAQLP

exports[`ViewObjectComponent should display correctly 1`] = `
<div>
  <PageHeader
    bsClass="page-header"
  >
    Objektvisning
  </PageHeader>
  <div
    style={
      Object {
        "marginBottom": "40px",
        "marginTop": "30px",
      }
    }
  >
    <Row
      bsClass="row"
      componentClass="div"
    >
      <Col
        bsClass="col"
        componentClass="div"
        md={2}
      >
        <b>
          Museumsnr:
        </b>
         
        O-L-3444
      </Col>
      <Col
        bsClass="col"
        componentClass="div"
        md={1}
      >
        <b>
          Unr:
        </b>
         
      </Col>
      <Col
        bsClass="col"
        componentClass="div"
        md={3}
      >
        <b>
          Term/artsnavn:
        </b>
         
      </Col>
    </Row>
  </div>
  <div
    style={
      Object {
        "paddingBottom": 10,
      }
    }
  >
    <Button
      active={false}
      block={false}
      bsClass="btn"
      bsStyle="default"
      className="primary"
      disabled={false}
      onClick={[Function]}
    >
      Ny analyse
    </Button>
    <Button
      active={false}
      block={false}
      bsClass="btn"
      bsStyle="default"
      className="primary"
      disabled={false}
      onClick={[Function]}
    >
      Ny prøve
    </Button>
  </div>
  <Uncontrolled(Tabs)
    defaultActiveKey={1}
    id="events"
  >
    <Tab
      eventKey={1}
      title="Hendelser"
    >
      <EventTableComponent
        events={
          Array [
            Object {
              "eventDate": "1999-01-20",
              "eventType": "Flytting",
              "id": "1233-111-2222-222",
              "keyData": "Til magasin nr 3",
              "note": "Ein kommentar",
              "registeredBy": "Ole Olsen",
            },
            Object {
              "eventDate": "1999-06-20",
              "eventType": "Analyse",
              "id": "1233-111-2122-222",
              "keyData": "Acid",
              "note": "Ein kommentar",
              "registeredBy": "Ole Hansen",
            },
          ]
        }
        onClick={[Function]}
      />
    </Tab>
    <Tab
      eventKey={2}
      title="Prøver"
    >
      <SampleTableComponent
        objectData={
          Object {
            "museumNo": "O-L-3444",
            "objectType": "Collection",
            "uuid": "22233-4443-222-333",
          }
        }
        onClick={[Function]}
        samples={
          Array [
            Object {
              "doneDate": "1999-01-20",
              "hasAnalyse": false,
              "id": "1233-111-2222-222",
              "sampleTypeId": 1,
              "status": 2,
            },
            Object {
              "doneDate": "1999-01-29",
              "hasAnalyse": true,
              "id": "1233-111-2155-222",
              "sampleTypeId": 2,
              "status": 24,
            },
          ]
        }
      />
    </Tab>
  </Uncontrolled(Tabs)>
</div>
`;
