// Jest Snapshot v1, https://goo.gl/fbAQLP

exports[`EventTableComponent should render header, body and footer 1`] = `
<div>
  <Table
    className="table"
    columns={
      Array [
        Object {
          "key": "doneDate",
          "label": "Utført dato",
        },
        Object {
          "key": "type",
          "label": "Type hendelse",
        },
        Object {
          "key": "doneBy",
          "label": "Utført av",
        },
        Object {
          "key": "keyData",
          "label": "Nøkkeldata",
        },
        Object {
          "key": "caseNumber",
          "label": "Saksnummer",
        },
        Object {
          "key": "note",
          "label": "Kommentar",
        },
      ]
    }
    defaultSort={false}
    defaultSortDescending={false}
    filterBy=""
    hideFilterInput={false}
    itemsPerPage={0}
    noDataText="Ingen hendelser funnet på objektet"
    sortBy={false}
    sortable={
      Array [
        "id",
        "type",
        "eventDate",
        "registeredBy",
        "note",
      ]
    }
  >
    <Tr
      onClick={[Function]}
    >
      <Td
        column="doneDate"
      />
      <Td
        column="type"
      />
      <Td
        column="doneBy"
      >
        Ole Olsen
      </Td>
      <Td
        column="keyData"
      />
      <Td
        column="caseNumber"
      />
      <Td
        column="note"
      >
        <span>
          Ein kommentar
        </span>
      </Td>
    </Tr>
    <Tr
      onClick={[Function]}
    >
      <Td
        column="doneDate"
      />
      <Td
        column="type"
      />
      <Td
        column="doneBy"
      >
        Ole Hansen
      </Td>
      <Td
        column="keyData"
      />
      <Td
        column="caseNumber"
      />
      <Td
        column="note"
      >
        <span>
          Ein kommentar
        </span>
      </Td>
    </Tr>
  </Table>
</div>
`;
