// Jest Snapshot v1, https://goo.gl/fbAQLP

exports[`AnalysisSampleFormPageView should display correctly 1`] = `
<div
  className="container"
>
  <form
    className="form-horizontal"
  >
    <div
      className="page-header"
    >
      <h1>
        Prøve
      </h1>
    </div>
    <div
      className="pull-right"
    >
      <button
        className="btn btn-default"
        onClick={[Function]}
      >
        Opprett analyse
      </button>
      <button
        className="btn btn-default"
        onClick={[Function]}
      >
        Endre prøve
      </button>
      <button
        className="btn btn-default"
        onClick={[Function]}
      >
         Opprett prøve
      </button>
    </div>
    <div>
      <MetaInformation
        registeredBy="1233"
        registeredDate="1988-12-31"
        updatedBy="Arne And"
        updatedDate="1998-03-12"
      />
      <hr />
    </div>
    <h4>
      Avledet fra objekt/prøve
    </h4>
    <div>
      <span
        style={
          Object {
            "marginRight": 20,
          }
        }
      >
        <strong>
          Museumsnr.
        </strong>
         
        M1234
      </span>
      <span
        style={
          Object {
            "marginRight": 20,
          }
        }
      >
        <strong>
          Unr.
        </strong>
         
        a
      </span>
      <span>
        <strong>
          Gjenstand/Takson
        </strong>
         
        Carex saxatilis
      </span>
    </div>
    <hr />
    <h4>
      Personer tilknyttet prøveuttaket
    </h4>
    <div>
      <div
        className="row"
      >
        <div
          className="col-md-4"
        >
          <strong>
            Navn
          </strong>
        </div>
        <div
          className="col-md-2"
        >
          <strong>
            Rolle
          </strong>
        </div>
        <div
          className="col-md-2"
        >
          <strong>
            Dato
          </strong>
        </div>
      </div>
      <div
        className="row"
      >
        <div
          className="col-md-4"
        >
          Arne And
        </div>
        <div
          className="col-md-2"
        >
          Utført av
        </div>
        <div
          className="col-md-2"
        >
          26.05.2017
        </div>
      </div>
    </div>
    <hr />
    <div
      className="form-group"
    >
      <label
        className="control-label col-md-2"
      >
        Prøvenr.
      </label>
      <div
        className="col-md-2"
      >
        <p
          className="form-control-static"
        >
          2
        </p>
      </div>
    </div>
    <div
      className="form-group"
    >
      <label
        className="control-label col-md-2"
      >
        PrøveID
      </label>
      <div
        className="col-md-2"
      >
        <p
          className="form-control-static"
        >
          1233
        </p>
      </div>
    </div>
    <div
      className="form-group"
    >
      <label
        className="control-label col-md-2"
      >
        Ekstern ID
      </label>
      <div
        className="col-md-3"
      >
        <p
          className="form-control-static"
        >
          123
        </p>
      </div>
      <label
        className="control-label col-md-2"
      >
        Kilde for ekstern ID
      </label>
      <div
        className="col-md-2"
      >
        <p
          className="form-control-static"
        >
          Museum
        </p>
      </div>
    </div>
    <ReadOnlySampleType
      sampleType={
        Object {
          "name": "sampleType",
          "value": "Vev",
        }
      }
    />
    <div
      className="form-group"
    >
      <label
        className="control-label col-md-2"
      >
        Beskrivelse av prøve
      </label>
      <div
        className="col-md-8"
      >
        <p
          className="form-control-static"
        >
          Av lær
        </p>
      </div>
    </div>
    <div
      className="form-group"
    >
      <label
        className="control-label col-md-2"
      >
        Status
      </label>
      <div
        className="col-md-2"
      >
        <p
          className="form-control-static"
        >
          Nyskilt
        </p>
      </div>
    </div>
    <div
      className="form-group"
    >
      <label
        className="control-label col-md-2"
      >
        Prøvevolum/-vekt
      </label>
      <div
        className="col-md-2"
      >
        <p
          className="form-control-static"
        >
          1,23
           
          gr
        </p>
      </div>
    </div>
    <div
      className="form-group"
    >
      <label
        className="control-label col-md-2"
      >
        Lagringskontainer
      </label>
      <div
        className="col-md-2"
      >
        <p
          className="form-control-static"
        >
          Reagensrør
        </p>
      </div>
    </div>
    <div
      className="form-group"
    >
      <label
        className="control-label col-md-2"
      >
        Lagringsmedium
      </label>
      <div
        className="col-md-2"
      >
        <p
          className="form-control-static"
        >
          Etanol
        </p>
      </div>
    </div>
    <div
      className="form-group"
    >
      <label
        className="control-label col-md-2"
      >
        Behandling
      </label>
      <div
        className="col-md-2"
      >
        <p
          className="form-control-static"
        >
          1233
        </p>
      </div>
    </div>
    <div
      className="form-group"
    >
      <label
        className="control-label col-md-2"
      >
        Har restmateriale
      </label>
      <div
        className="col-md-2"
      >
        <p
          className="form-control-static"
        >
          Nei
        </p>
      </div>
    </div>
    <div
      className="form-group"
    >
      <label
        className="control-label col-md-2"
      >
        Kommentar
      </label>
      <div
        className="col-md-8"
      >
        <p
          className="form-control-static"
        >
          Heisann
        </p>
      </div>
    </div>
    <hr />
    <button
      className="btn-link"
      onClick={[Function]}
      style={
        Object {
          "marginLeft": 20,
        }
      }
    >
      Avbryt
    </button>
  </form>
</div>
`;
