// Jest Snapshot v1, https://goo.gl/fbAQLP

exports[`ObjectSearchComponent should display object 1 1`] = `
<div
  className="container"
  style={
    Object {
      "paddingTop": 20,
    }
  }
>
  <h1>
    Objektsøk
  </h1>
  <form
    className="form-inline"
  >
    <div
      className="form-group"
    >
      <label
        className="control-label"
        htmlFor="museumNo"
      >
        Museumnr.
      </label>
       
      <input
        className="form-control"
        onChange={[Function]}
        placeholder=" "
        style={Object {}}
        type="text"
      />
    </div>
     
    <div
      className="form-group"
    >
      <label
        className="control-label"
        htmlFor="subNo"
      >
        Unr.
      </label>
       
      <input
        className="form-control"
        onChange={[Function]}
        placeholder=" "
        style={Object {}}
        type="text"
      />
    </div>
     
    <div
      className="form-group"
    >
      <label
        className="control-label"
        htmlFor="term"
      >
        Term/Artsnavn
      </label>
       
      <input
        className="form-control"
        onChange={[Function]}
        placeholder=" "
        style={
          Object {
            "width": "440px",
          }
        }
        type="text"
      />
    </div>
     
    <button
      className="btn btn-default"
      onClick={[Function]}
      type="submit"
    >
      <FontAwesome
        name="search"
        style={
          Object {
            "fontSize": "1.3em",
          }
        }
      />
    </button>
  </form>
  <br />
  <h4>
    Søket ga 20 treff:
  </h4>
  <Component
    component="div"
    loaded={true}
    loadedClassName="loadedContent"
    parentClassName="loader"
  >
    <div>
      <PagingToolbar
        currentPage={1}
        numItems={20}
        onClick={[Function]}
        perPage={50}
      />
      <div
        style={
          Object {
            "clear": "both",
          }
        }
      />
      <table
        className="table table-hover"
      >
        <thead>
          <tr>
            <th>
              Museumnr.
            </th>
            <th>
              Unr.
            </th>
            <th>
              Term/Artsnavn
            </th>
            <th>
              Plassering
            </th>
            <th
              onClick={[Function]}
              style={
                Object {
                  "textAlign": "right",
                }
              }
            >
              <a
                href=""
                title="Legg til alle i plukklisten"
              >
                <FontAwesome
                  name="shopping-cart"
                  style={
                    Object {
                      "fontSize": "1.3em",
                    }
                  }
                />
              </a>
            </th>
          </tr>
        </thead>
        <tbody>
          <tr
            className="mainObject"
            onClick={[Function]}
          >
            <td
              className="museumNo"
            >
              12345
            </td>
            <td
              className="subNo"
            >
              45
            </td>
            <td
              className="term"
            >
              Fuglekasse
            </td>
            <td
              className="path"
            >
              <Breadcrumb
                allActive={true}
                node={
                  Object {
                    "breadcrumb": Array [
                      Object {
                        "id": "0615c304-e7ec-46ad-aebc-399884181eaf",
                        "name": "Root",
                        "nodeId": "0615c304-e7ec-46ad-aebc-399884181eaf",
                        "url": "/magasin/0615c304-e7ec-46ad-aebc-399884181eaf",
                      },
                      Object {
                        "id": "ae3a3752-f8f7-4ab1-84b2-f088324f1a6f",
                        "name": "Musit",
                        "nodeId": "ae3a3752-f8f7-4ab1-84b2-f088324f1a6f",
                        "url": "/magasin/ae3a3752-f8f7-4ab1-84b2-f088324f1a6f",
                      },
                      Object {
                        "id": "403cebde-082c-4002-8f78-16ad178a054a",
                        "name": "Kontoret",
                        "nodeId": "403cebde-082c-4002-8f78-16ad178a054a",
                        "url": "/magasin/403cebde-082c-4002-8f78-16ad178a054a",
                      },
                    ],
                    "id": 1,
                    "museumNo": "12345",
                    "path": ",1,2,3,",
                    "pathNames": Array [
                      Object {
                        "name": "Root",
                        "nodeId": 1,
                        "nodeUuid": "0615c304-e7ec-46ad-aebc-399884181eaf",
                        "type": "Organization",
                      },
                      Object {
                        "name": "Musit",
                        "nodeId": 2,
                        "nodeUuid": "ae3a3752-f8f7-4ab1-84b2-f088324f1a6f",
                        "type": "Building",
                      },
                      Object {
                        "name": "Kontoret",
                        "nodeId": 3,
                        "nodeUuid": "403cebde-082c-4002-8f78-16ad178a054a",
                        "type": "Room",
                      },
                    ],
                    "subNo": "45",
                    "term": "Fuglekasse",
                  }
                }
                onClickCrumb={[Function]}
              />
            </td>
            <td
              onClick={[Function]}
              style={
                Object {
                  "textAlign": "right",
                }
              }
            >
              <a
                title="Legg til plukklisten"
              >
                <FontAwesome
                  name="shopping-cart"
                  style={
                    Object {
                      "color": "Gray",
                      "fontSize": "1.3em",
                    }
                  }
                />
              </a>
            </td>
          </tr>
          <tr
            className="mainObject"
            onClick={[Function]}
          >
            <td
              className="museumNo"
            >
              12345
            </td>
            <td
              className="subNo"
            >
              45
            </td>
            <td
              className="term"
            >
              Fuglekasse
            </td>
            <td
              className="path"
            >
              <Breadcrumb
                allActive={true}
                node={
                  Object {
                    "breadcrumb": Array [
                      Object {
                        "id": "0615c304-e7ec-46ad-aebc-399884181eaf",
                        "name": "Root",
                        "nodeId": "0615c304-e7ec-46ad-aebc-399884181eaf",
                        "url": "/magasin/0615c304-e7ec-46ad-aebc-399884181eaf",
                      },
                      Object {
                        "id": "ae3a3752-f8f7-4ab1-84b2-f088324f1a6f",
                        "name": "Musit",
                        "nodeId": "ae3a3752-f8f7-4ab1-84b2-f088324f1a6f",
                        "url": "/magasin/ae3a3752-f8f7-4ab1-84b2-f088324f1a6f",
                      },
                      Object {
                        "id": "403cebde-082c-4002-8f78-16ad178a054a",
                        "name": "Kontoret",
                        "nodeId": "403cebde-082c-4002-8f78-16ad178a054a",
                        "url": "/magasin/403cebde-082c-4002-8f78-16ad178a054a",
                      },
                    ],
                    "id": 1,
                    "museumNo": "12345",
                    "path": ",1,2,3,",
                    "pathNames": Array [
                      Object {
                        "name": "Root",
                        "nodeId": 1,
                        "nodeUuid": "0615c304-e7ec-46ad-aebc-399884181eaf",
                        "type": "Organization",
                      },
                      Object {
                        "name": "Musit",
                        "nodeId": 2,
                        "nodeUuid": "ae3a3752-f8f7-4ab1-84b2-f088324f1a6f",
                        "type": "Building",
                      },
                      Object {
                        "name": "Kontoret",
                        "nodeId": 3,
                        "nodeUuid": "403cebde-082c-4002-8f78-16ad178a054a",
                        "type": "Room",
                      },
                    ],
                    "subNo": "45",
                    "term": "Fuglekasse",
                  }
                }
                onClickCrumb={[Function]}
              />
            </td>
            <td
              onClick={[Function]}
              style={
                Object {
                  "textAlign": "right",
                }
              }
            >
              <a
                title="Legg til plukklisten"
              >
                <FontAwesome
                  name="shopping-cart"
                  style={
                    Object {
                      "color": "Gray",
                      "fontSize": "1.3em",
                    }
                  }
                />
              </a>
            </td>
          </tr>
          <tr
            className="mainObject"
            onClick={[Function]}
          >
            <td
              className="museumNo"
            >
              12345
            </td>
            <td
              className="subNo"
            >
              45
            </td>
            <td
              className="term"
            >
              Fuglekasse
            </td>
            <td
              className="path"
            >
              <Breadcrumb
                allActive={true}
                node={
                  Object {
                    "breadcrumb": Array [
                      Object {
                        "id": "0615c304-e7ec-46ad-aebc-399884181eaf",
                        "name": "Root",
                        "nodeId": "0615c304-e7ec-46ad-aebc-399884181eaf",
                        "url": "/magasin/0615c304-e7ec-46ad-aebc-399884181eaf",
                      },
                      Object {
                        "id": "ae3a3752-f8f7-4ab1-84b2-f088324f1a6f",
                        "name": "Musit",
                        "nodeId": "ae3a3752-f8f7-4ab1-84b2-f088324f1a6f",
                        "url": "/magasin/ae3a3752-f8f7-4ab1-84b2-f088324f1a6f",
                      },
                      Object {
                        "id": "403cebde-082c-4002-8f78-16ad178a054a",
                        "name": "Kontoret",
                        "nodeId": "403cebde-082c-4002-8f78-16ad178a054a",
                        "url": "/magasin/403cebde-082c-4002-8f78-16ad178a054a",
                      },
                    ],
                    "id": 1,
                    "museumNo": "12345",
                    "path": ",1,2,3,",
                    "pathNames": Array [
                      Object {
                        "name": "Root",
                        "nodeId": 1,
                        "nodeUuid": "0615c304-e7ec-46ad-aebc-399884181eaf",
                        "type": "Organization",
                      },
                      Object {
                        "name": "Musit",
                        "nodeId": 2,
                        "nodeUuid": "ae3a3752-f8f7-4ab1-84b2-f088324f1a6f",
                        "type": "Building",
                      },
                      Object {
                        "name": "Kontoret",
                        "nodeId": 3,
                        "nodeUuid": "403cebde-082c-4002-8f78-16ad178a054a",
                        "type": "Room",
                      },
                    ],
                    "subNo": "45",
                    "term": "Fuglekasse",
                  }
                }
                onClickCrumb={[Function]}
              />
            </td>
            <td
              onClick={[Function]}
              style={
                Object {
                  "textAlign": "right",
                }
              }
            >
              <a
                title="Legg til plukklisten"
              >
                <FontAwesome
                  name="shopping-cart"
                  style={
                    Object {
                      "color": "Gray",
                      "fontSize": "1.3em",
                    }
                  }
                />
              </a>
            </td>
          </tr>
          <tr
            className="mainObject"
            onClick={[Function]}
          >
            <td
              className="museumNo"
            >
              12345
            </td>
            <td
              className="subNo"
            >
              45
            </td>
            <td
              className="term"
            >
              Fuglekasse
            </td>
            <td
              className="path"
            >
              <Breadcrumb
                allActive={true}
                node={
                  Object {
                    "breadcrumb": Array [
                      Object {
                        "id": "0615c304-e7ec-46ad-aebc-399884181eaf",
                        "name": "Root",
                        "nodeId": "0615c304-e7ec-46ad-aebc-399884181eaf",
                        "url": "/magasin/0615c304-e7ec-46ad-aebc-399884181eaf",
                      },
                      Object {
                        "id": "ae3a3752-f8f7-4ab1-84b2-f088324f1a6f",
                        "name": "Musit",
                        "nodeId": "ae3a3752-f8f7-4ab1-84b2-f088324f1a6f",
                        "url": "/magasin/ae3a3752-f8f7-4ab1-84b2-f088324f1a6f",
                      },
                      Object {
                        "id": "403cebde-082c-4002-8f78-16ad178a054a",
                        "name": "Kontoret",
                        "nodeId": "403cebde-082c-4002-8f78-16ad178a054a",
                        "url": "/magasin/403cebde-082c-4002-8f78-16ad178a054a",
                      },
                    ],
                    "id": 1,
                    "museumNo": "12345",
                    "path": ",1,2,3,",
                    "pathNames": Array [
                      Object {
                        "name": "Root",
                        "nodeId": 1,
                        "nodeUuid": "0615c304-e7ec-46ad-aebc-399884181eaf",
                        "type": "Organization",
                      },
                      Object {
                        "name": "Musit",
                        "nodeId": 2,
                        "nodeUuid": "ae3a3752-f8f7-4ab1-84b2-f088324f1a6f",
                        "type": "Building",
                      },
                      Object {
                        "name": "Kontoret",
                        "nodeId": 3,
                        "nodeUuid": "403cebde-082c-4002-8f78-16ad178a054a",
                        "type": "Room",
                      },
                    ],
                    "subNo": "45",
                    "term": "Fuglekasse",
                  }
                }
                onClickCrumb={[Function]}
              />
            </td>
            <td
              onClick={[Function]}
              style={
                Object {
                  "textAlign": "right",
                }
              }
            >
              <a
                title="Legg til plukklisten"
              >
                <FontAwesome
                  name="shopping-cart"
                  style={
                    Object {
                      "color": "Gray",
                      "fontSize": "1.3em",
                    }
                  }
                />
              </a>
            </td>
          </tr>
          <tr
            className="mainObject"
            onClick={[Function]}
          >
            <td
              className="museumNo"
            >
              12345
            </td>
            <td
              className="subNo"
            >
              45
            </td>
            <td
              className="term"
            >
              Fuglekasse
            </td>
            <td
              className="path"
            >
              <Breadcrumb
                allActive={true}
                node={
                  Object {
                    "breadcrumb": Array [
                      Object {
                        "id": "0615c304-e7ec-46ad-aebc-399884181eaf",
                        "name": "Root",
                        "nodeId": "0615c304-e7ec-46ad-aebc-399884181eaf",
                        "url": "/magasin/0615c304-e7ec-46ad-aebc-399884181eaf",
                      },
                      Object {
                        "id": "ae3a3752-f8f7-4ab1-84b2-f088324f1a6f",
                        "name": "Musit",
                        "nodeId": "ae3a3752-f8f7-4ab1-84b2-f088324f1a6f",
                        "url": "/magasin/ae3a3752-f8f7-4ab1-84b2-f088324f1a6f",
                      },
                      Object {
                        "id": "403cebde-082c-4002-8f78-16ad178a054a",
                        "name": "Kontoret",
                        "nodeId": "403cebde-082c-4002-8f78-16ad178a054a",
                        "url": "/magasin/403cebde-082c-4002-8f78-16ad178a054a",
                      },
                    ],
                    "id": 1,
                    "museumNo": "12345",
                    "path": ",1,2,3,",
                    "pathNames": Array [
                      Object {
                        "name": "Root",
                        "nodeId": 1,
                        "nodeUuid": "0615c304-e7ec-46ad-aebc-399884181eaf",
                        "type": "Organization",
                      },
                      Object {
                        "name": "Musit",
                        "nodeId": 2,
                        "nodeUuid": "ae3a3752-f8f7-4ab1-84b2-f088324f1a6f",
                        "type": "Building",
                      },
                      Object {
                        "name": "Kontoret",
                        "nodeId": 3,
                        "nodeUuid": "403cebde-082c-4002-8f78-16ad178a054a",
                        "type": "Room",
                      },
                    ],
                    "subNo": "45",
                    "term": "Fuglekasse",
                  }
                }
                onClickCrumb={[Function]}
              />
            </td>
            <td
              onClick={[Function]}
              style={
                Object {
                  "textAlign": "right",
                }
              }
            >
              <a
                title="Legg til plukklisten"
              >
                <FontAwesome
                  name="shopping-cart"
                  style={
                    Object {
                      "color": "Gray",
                      "fontSize": "1.3em",
                    }
                  }
                />
              </a>
            </td>
          </tr>
          <tr
            className="mainObject"
            onClick={[Function]}
          >
            <td
              className="museumNo"
            >
              12345
            </td>
            <td
              className="subNo"
            >
              45
            </td>
            <td
              className="term"
            >
              Fuglekasse
            </td>
            <td
              className="path"
            >
              <Breadcrumb
                allActive={true}
                node={
                  Object {
                    "breadcrumb": Array [
                      Object {
                        "id": "0615c304-e7ec-46ad-aebc-399884181eaf",
                        "name": "Root",
                        "nodeId": "0615c304-e7ec-46ad-aebc-399884181eaf",
                        "url": "/magasin/0615c304-e7ec-46ad-aebc-399884181eaf",
                      },
                      Object {
                        "id": "ae3a3752-f8f7-4ab1-84b2-f088324f1a6f",
                        "name": "Musit",
                        "nodeId": "ae3a3752-f8f7-4ab1-84b2-f088324f1a6f",
                        "url": "/magasin/ae3a3752-f8f7-4ab1-84b2-f088324f1a6f",
                      },
                      Object {
                        "id": "403cebde-082c-4002-8f78-16ad178a054a",
                        "name": "Kontoret",
                        "nodeId": "403cebde-082c-4002-8f78-16ad178a054a",
                        "url": "/magasin/403cebde-082c-4002-8f78-16ad178a054a",
                      },
                    ],
                    "id": 1,
                    "museumNo": "12345",
                    "path": ",1,2,3,",
                    "pathNames": Array [
                      Object {
                        "name": "Root",
                        "nodeId": 1,
                        "nodeUuid": "0615c304-e7ec-46ad-aebc-399884181eaf",
                        "type": "Organization",
                      },
                      Object {
                        "name": "Musit",
                        "nodeId": 2,
                        "nodeUuid": "ae3a3752-f8f7-4ab1-84b2-f088324f1a6f",
                        "type": "Building",
                      },
                      Object {
                        "name": "Kontoret",
                        "nodeId": 3,
                        "nodeUuid": "403cebde-082c-4002-8f78-16ad178a054a",
                        "type": "Room",
                      },
                    ],
                    "subNo": "45",
                    "term": "Fuglekasse",
                  }
                }
                onClickCrumb={[Function]}
              />
            </td>
            <td
              onClick={[Function]}
              style={
                Object {
                  "textAlign": "right",
                }
              }
            >
              <a
                title="Legg til plukklisten"
              >
                <FontAwesome
                  name="shopping-cart"
                  style={
                    Object {
                      "color": "Gray",
                      "fontSize": "1.3em",
                    }
                  }
                />
              </a>
            </td>
          </tr>
          <tr
            className="mainObject"
            onClick={[Function]}
          >
            <td
              className="museumNo"
            >
              12345
            </td>
            <td
              className="subNo"
            >
              45
            </td>
            <td
              className="term"
            >
              Fuglekasse
            </td>
            <td
              className="path"
            >
              <Breadcrumb
                allActive={true}
                node={
                  Object {
                    "breadcrumb": Array [
                      Object {
                        "id": "0615c304-e7ec-46ad-aebc-399884181eaf",
                        "name": "Root",
                        "nodeId": "0615c304-e7ec-46ad-aebc-399884181eaf",
                        "url": "/magasin/0615c304-e7ec-46ad-aebc-399884181eaf",
                      },
                      Object {
                        "id": "ae3a3752-f8f7-4ab1-84b2-f088324f1a6f",
                        "name": "Musit",
                        "nodeId": "ae3a3752-f8f7-4ab1-84b2-f088324f1a6f",
                        "url": "/magasin/ae3a3752-f8f7-4ab1-84b2-f088324f1a6f",
                      },
                      Object {
                        "id": "403cebde-082c-4002-8f78-16ad178a054a",
                        "name": "Kontoret",
                        "nodeId": "403cebde-082c-4002-8f78-16ad178a054a",
                        "url": "/magasin/403cebde-082c-4002-8f78-16ad178a054a",
                      },
                    ],
                    "id": 1,
                    "museumNo": "12345",
                    "path": ",1,2,3,",
                    "pathNames": Array [
                      Object {
                        "name": "Root",
                        "nodeId": 1,
                        "nodeUuid": "0615c304-e7ec-46ad-aebc-399884181eaf",
                        "type": "Organization",
                      },
                      Object {
                        "name": "Musit",
                        "nodeId": 2,
                        "nodeUuid": "ae3a3752-f8f7-4ab1-84b2-f088324f1a6f",
                        "type": "Building",
                      },
                      Object {
                        "name": "Kontoret",
                        "nodeId": 3,
                        "nodeUuid": "403cebde-082c-4002-8f78-16ad178a054a",
                        "type": "Room",
                      },
                    ],
                    "subNo": "45",
                    "term": "Fuglekasse",
                  }
                }
                onClickCrumb={[Function]}
              />
            </td>
            <td
              onClick={[Function]}
              style={
                Object {
                  "textAlign": "right",
                }
              }
            >
              <a
                title="Legg til plukklisten"
              >
                <FontAwesome
                  name="shopping-cart"
                  style={
                    Object {
                      "color": "Gray",
                      "fontSize": "1.3em",
                    }
                  }
                />
              </a>
            </td>
          </tr>
          <tr
            className="mainObject"
            onClick={[Function]}
          >
            <td
              className="museumNo"
            >
              12345
            </td>
            <td
              className="subNo"
            >
              45
            </td>
            <td
              className="term"
            >
              Fuglekasse
            </td>
            <td
              className="path"
            >
              <Breadcrumb
                allActive={true}
                node={
                  Object {
                    "breadcrumb": Array [
                      Object {
                        "id": "0615c304-e7ec-46ad-aebc-399884181eaf",
                        "name": "Root",
                        "nodeId": "0615c304-e7ec-46ad-aebc-399884181eaf",
                        "url": "/magasin/0615c304-e7ec-46ad-aebc-399884181eaf",
                      },
                      Object {
                        "id": "ae3a3752-f8f7-4ab1-84b2-f088324f1a6f",
                        "name": "Musit",
                        "nodeId": "ae3a3752-f8f7-4ab1-84b2-f088324f1a6f",
                        "url": "/magasin/ae3a3752-f8f7-4ab1-84b2-f088324f1a6f",
                      },
                      Object {
                        "id": "403cebde-082c-4002-8f78-16ad178a054a",
                        "name": "Kontoret",
                        "nodeId": "403cebde-082c-4002-8f78-16ad178a054a",
                        "url": "/magasin/403cebde-082c-4002-8f78-16ad178a054a",
                      },
                    ],
                    "id": 1,
                    "museumNo": "12345",
                    "path": ",1,2,3,",
                    "pathNames": Array [
                      Object {
                        "name": "Root",
                        "nodeId": 1,
                        "nodeUuid": "0615c304-e7ec-46ad-aebc-399884181eaf",
                        "type": "Organization",
                      },
                      Object {
                        "name": "Musit",
                        "nodeId": 2,
                        "nodeUuid": "ae3a3752-f8f7-4ab1-84b2-f088324f1a6f",
                        "type": "Building",
                      },
                      Object {
                        "name": "Kontoret",
                        "nodeId": 3,
                        "nodeUuid": "403cebde-082c-4002-8f78-16ad178a054a",
                        "type": "Room",
                      },
                    ],
                    "subNo": "45",
                    "term": "Fuglekasse",
                  }
                }
                onClickCrumb={[Function]}
              />
            </td>
            <td
              onClick={[Function]}
              style={
                Object {
                  "textAlign": "right",
                }
              }
            >
              <a
                title="Legg til plukklisten"
              >
                <FontAwesome
                  name="shopping-cart"
                  style={
                    Object {
                      "color": "Gray",
                      "fontSize": "1.3em",
                    }
                  }
                />
              </a>
            </td>
          </tr>
          <tr
            className="mainObject"
            onClick={[Function]}
          >
            <td
              className="museumNo"
            >
              12345
            </td>
            <td
              className="subNo"
            >
              45
            </td>
            <td
              className="term"
            >
              Fuglekasse
            </td>
            <td
              className="path"
            >
              <Breadcrumb
                allActive={true}
                node={
                  Object {
                    "breadcrumb": Array [
                      Object {
                        "id": "0615c304-e7ec-46ad-aebc-399884181eaf",
                        "name": "Root",
                        "nodeId": "0615c304-e7ec-46ad-aebc-399884181eaf",
                        "url": "/magasin/0615c304-e7ec-46ad-aebc-399884181eaf",
                      },
                      Object {
                        "id": "ae3a3752-f8f7-4ab1-84b2-f088324f1a6f",
                        "name": "Musit",
                        "nodeId": "ae3a3752-f8f7-4ab1-84b2-f088324f1a6f",
                        "url": "/magasin/ae3a3752-f8f7-4ab1-84b2-f088324f1a6f",
                      },
                      Object {
                        "id": "403cebde-082c-4002-8f78-16ad178a054a",
                        "name": "Kontoret",
                        "nodeId": "403cebde-082c-4002-8f78-16ad178a054a",
                        "url": "/magasin/403cebde-082c-4002-8f78-16ad178a054a",
                      },
                    ],
                    "id": 1,
                    "museumNo": "12345",
                    "path": ",1,2,3,",
                    "pathNames": Array [
                      Object {
                        "name": "Root",
                        "nodeId": 1,
                        "nodeUuid": "0615c304-e7ec-46ad-aebc-399884181eaf",
                        "type": "Organization",
                      },
                      Object {
                        "name": "Musit",
                        "nodeId": 2,
                        "nodeUuid": "ae3a3752-f8f7-4ab1-84b2-f088324f1a6f",
                        "type": "Building",
                      },
                      Object {
                        "name": "Kontoret",
                        "nodeId": 3,
                        "nodeUuid": "403cebde-082c-4002-8f78-16ad178a054a",
                        "type": "Room",
                      },
                    ],
                    "subNo": "45",
                    "term": "Fuglekasse",
                  }
                }
                onClickCrumb={[Function]}
              />
            </td>
            <td
              onClick={[Function]}
              style={
                Object {
                  "textAlign": "right",
                }
              }
            >
              <a
                title="Legg til plukklisten"
              >
                <FontAwesome
                  name="shopping-cart"
                  style={
                    Object {
                      "color": "Gray",
                      "fontSize": "1.3em",
                    }
                  }
                />
              </a>
            </td>
          </tr>
          <tr
            className="mainObject"
            onClick={[Function]}
          >
            <td
              className="museumNo"
            >
              12345
            </td>
            <td
              className="subNo"
            >
              45
            </td>
            <td
              className="term"
            >
              Fuglekasse
            </td>
            <td
              className="path"
            >
              <Breadcrumb
                allActive={true}
                node={
                  Object {
                    "breadcrumb": Array [
                      Object {
                        "id": "0615c304-e7ec-46ad-aebc-399884181eaf",
                        "name": "Root",
                        "nodeId": "0615c304-e7ec-46ad-aebc-399884181eaf",
                        "url": "/magasin/0615c304-e7ec-46ad-aebc-399884181eaf",
                      },
                      Object {
                        "id": "ae3a3752-f8f7-4ab1-84b2-f088324f1a6f",
                        "name": "Musit",
                        "nodeId": "ae3a3752-f8f7-4ab1-84b2-f088324f1a6f",
                        "url": "/magasin/ae3a3752-f8f7-4ab1-84b2-f088324f1a6f",
                      },
                      Object {
                        "id": "403cebde-082c-4002-8f78-16ad178a054a",
                        "name": "Kontoret",
                        "nodeId": "403cebde-082c-4002-8f78-16ad178a054a",
                        "url": "/magasin/403cebde-082c-4002-8f78-16ad178a054a",
                      },
                    ],
                    "id": 1,
                    "museumNo": "12345",
                    "path": ",1,2,3,",
                    "pathNames": Array [
                      Object {
                        "name": "Root",
                        "nodeId": 1,
                        "nodeUuid": "0615c304-e7ec-46ad-aebc-399884181eaf",
                        "type": "Organization",
                      },
                      Object {
                        "name": "Musit",
                        "nodeId": 2,
                        "nodeUuid": "ae3a3752-f8f7-4ab1-84b2-f088324f1a6f",
                        "type": "Building",
                      },
                      Object {
                        "name": "Kontoret",
                        "nodeId": 3,
                        "nodeUuid": "403cebde-082c-4002-8f78-16ad178a054a",
                        "type": "Room",
                      },
                    ],
                    "subNo": "45",
                    "term": "Fuglekasse",
                  }
                }
                onClickCrumb={[Function]}
              />
            </td>
            <td
              onClick={[Function]}
              style={
                Object {
                  "textAlign": "right",
                }
              }
            >
              <a
                title="Legg til plukklisten"
              >
                <FontAwesome
                  name="shopping-cart"
                  style={
                    Object {
                      "color": "Gray",
                      "fontSize": "1.3em",
                    }
                  }
                />
              </a>
            </td>
          </tr>
          <tr
            className="mainObject"
            onClick={[Function]}
          >
            <td
              className="museumNo"
            >
              12345
            </td>
            <td
              className="subNo"
            >
              45
            </td>
            <td
              className="term"
            >
              Fuglekasse
            </td>
            <td
              className="path"
            >
              <Breadcrumb
                allActive={true}
                node={
                  Object {
                    "breadcrumb": Array [
                      Object {
                        "id": "0615c304-e7ec-46ad-aebc-399884181eaf",
                        "name": "Root",
                        "nodeId": "0615c304-e7ec-46ad-aebc-399884181eaf",
                        "url": "/magasin/0615c304-e7ec-46ad-aebc-399884181eaf",
                      },
                      Object {
                        "id": "ae3a3752-f8f7-4ab1-84b2-f088324f1a6f",
                        "name": "Musit",
                        "nodeId": "ae3a3752-f8f7-4ab1-84b2-f088324f1a6f",
                        "url": "/magasin/ae3a3752-f8f7-4ab1-84b2-f088324f1a6f",
                      },
                      Object {
                        "id": "403cebde-082c-4002-8f78-16ad178a054a",
                        "name": "Kontoret",
                        "nodeId": "403cebde-082c-4002-8f78-16ad178a054a",
                        "url": "/magasin/403cebde-082c-4002-8f78-16ad178a054a",
                      },
                    ],
                    "id": 1,
                    "museumNo": "12345",
                    "path": ",1,2,3,",
                    "pathNames": Array [
                      Object {
                        "name": "Root",
                        "nodeId": 1,
                        "nodeUuid": "0615c304-e7ec-46ad-aebc-399884181eaf",
                        "type": "Organization",
                      },
                      Object {
                        "name": "Musit",
                        "nodeId": 2,
                        "nodeUuid": "ae3a3752-f8f7-4ab1-84b2-f088324f1a6f",
                        "type": "Building",
                      },
                      Object {
                        "name": "Kontoret",
                        "nodeId": 3,
                        "nodeUuid": "403cebde-082c-4002-8f78-16ad178a054a",
                        "type": "Room",
                      },
                    ],
                    "subNo": "45",
                    "term": "Fuglekasse",
                  }
                }
                onClickCrumb={[Function]}
              />
            </td>
            <td
              onClick={[Function]}
              style={
                Object {
                  "textAlign": "right",
                }
              }
            >
              <a
                title="Legg til plukklisten"
              >
                <FontAwesome
                  name="shopping-cart"
                  style={
                    Object {
                      "color": "Gray",
                      "fontSize": "1.3em",
                    }
                  }
                />
              </a>
            </td>
          </tr>
          <tr
            className="mainObject"
            onClick={[Function]}
          >
            <td
              className="museumNo"
            >
              12345
            </td>
            <td
              className="subNo"
            >
              45
            </td>
            <td
              className="term"
            >
              Fuglekasse
            </td>
            <td
              className="path"
            >
              <Breadcrumb
                allActive={true}
                node={
                  Object {
                    "breadcrumb": Array [
                      Object {
                        "id": "0615c304-e7ec-46ad-aebc-399884181eaf",
                        "name": "Root",
                        "nodeId": "0615c304-e7ec-46ad-aebc-399884181eaf",
                        "url": "/magasin/0615c304-e7ec-46ad-aebc-399884181eaf",
                      },
                      Object {
                        "id": "ae3a3752-f8f7-4ab1-84b2-f088324f1a6f",
                        "name": "Musit",
                        "nodeId": "ae3a3752-f8f7-4ab1-84b2-f088324f1a6f",
                        "url": "/magasin/ae3a3752-f8f7-4ab1-84b2-f088324f1a6f",
                      },
                      Object {
                        "id": "403cebde-082c-4002-8f78-16ad178a054a",
                        "name": "Kontoret",
                        "nodeId": "403cebde-082c-4002-8f78-16ad178a054a",
                        "url": "/magasin/403cebde-082c-4002-8f78-16ad178a054a",
                      },
                    ],
                    "id": 1,
                    "museumNo": "12345",
                    "path": ",1,2,3,",
                    "pathNames": Array [
                      Object {
                        "name": "Root",
                        "nodeId": 1,
                        "nodeUuid": "0615c304-e7ec-46ad-aebc-399884181eaf",
                        "type": "Organization",
                      },
                      Object {
                        "name": "Musit",
                        "nodeId": 2,
                        "nodeUuid": "ae3a3752-f8f7-4ab1-84b2-f088324f1a6f",
                        "type": "Building",
                      },
                      Object {
                        "name": "Kontoret",
                        "nodeId": 3,
                        "nodeUuid": "403cebde-082c-4002-8f78-16ad178a054a",
                        "type": "Room",
                      },
                    ],
                    "subNo": "45",
                    "term": "Fuglekasse",
                  }
                }
                onClickCrumb={[Function]}
              />
            </td>
            <td
              onClick={[Function]}
              style={
                Object {
                  "textAlign": "right",
                }
              }
            >
              <a
                title="Legg til plukklisten"
              >
                <FontAwesome
                  name="shopping-cart"
                  style={
                    Object {
                      "color": "Gray",
                      "fontSize": "1.3em",
                    }
                  }
                />
              </a>
            </td>
          </tr>
          <tr
            className="mainObject"
            onClick={[Function]}
          >
            <td
              className="museumNo"
            >
              12345
            </td>
            <td
              className="subNo"
            >
              45
            </td>
            <td
              className="term"
            >
              Fuglekasse
            </td>
            <td
              className="path"
            >
              <Breadcrumb
                allActive={true}
                node={
                  Object {
                    "breadcrumb": Array [
                      Object {
                        "id": "0615c304-e7ec-46ad-aebc-399884181eaf",
                        "name": "Root",
                        "nodeId": "0615c304-e7ec-46ad-aebc-399884181eaf",
                        "url": "/magasin/0615c304-e7ec-46ad-aebc-399884181eaf",
                      },
                      Object {
                        "id": "ae3a3752-f8f7-4ab1-84b2-f088324f1a6f",
                        "name": "Musit",
                        "nodeId": "ae3a3752-f8f7-4ab1-84b2-f088324f1a6f",
                        "url": "/magasin/ae3a3752-f8f7-4ab1-84b2-f088324f1a6f",
                      },
                      Object {
                        "id": "403cebde-082c-4002-8f78-16ad178a054a",
                        "name": "Kontoret",
                        "nodeId": "403cebde-082c-4002-8f78-16ad178a054a",
                        "url": "/magasin/403cebde-082c-4002-8f78-16ad178a054a",
                      },
                    ],
                    "id": 1,
                    "museumNo": "12345",
                    "path": ",1,2,3,",
                    "pathNames": Array [
                      Object {
                        "name": "Root",
                        "nodeId": 1,
                        "nodeUuid": "0615c304-e7ec-46ad-aebc-399884181eaf",
                        "type": "Organization",
                      },
                      Object {
                        "name": "Musit",
                        "nodeId": 2,
                        "nodeUuid": "ae3a3752-f8f7-4ab1-84b2-f088324f1a6f",
                        "type": "Building",
                      },
                      Object {
                        "name": "Kontoret",
                        "nodeId": 3,
                        "nodeUuid": "403cebde-082c-4002-8f78-16ad178a054a",
                        "type": "Room",
                      },
                    ],
                    "subNo": "45",
                    "term": "Fuglekasse",
                  }
                }
                onClickCrumb={[Function]}
              />
            </td>
            <td
              onClick={[Function]}
              style={
                Object {
                  "textAlign": "right",
                }
              }
            >
              <a
                title="Legg til plukklisten"
              >
                <FontAwesome
                  name="shopping-cart"
                  style={
                    Object {
                      "color": "Gray",
                      "fontSize": "1.3em",
                    }
                  }
                />
              </a>
            </td>
          </tr>
          <tr
            className="mainObject"
            onClick={[Function]}
          >
            <td
              className="museumNo"
            >
              12345
            </td>
            <td
              className="subNo"
            >
              45
            </td>
            <td
              className="term"
            >
              Fuglekasse
            </td>
            <td
              className="path"
            >
              <Breadcrumb
                allActive={true}
                node={
                  Object {
                    "breadcrumb": Array [
                      Object {
                        "id": "0615c304-e7ec-46ad-aebc-399884181eaf",
                        "name": "Root",
                        "nodeId": "0615c304-e7ec-46ad-aebc-399884181eaf",
                        "url": "/magasin/0615c304-e7ec-46ad-aebc-399884181eaf",
                      },
                      Object {
                        "id": "ae3a3752-f8f7-4ab1-84b2-f088324f1a6f",
                        "name": "Musit",
                        "nodeId": "ae3a3752-f8f7-4ab1-84b2-f088324f1a6f",
                        "url": "/magasin/ae3a3752-f8f7-4ab1-84b2-f088324f1a6f",
                      },
                      Object {
                        "id": "403cebde-082c-4002-8f78-16ad178a054a",
                        "name": "Kontoret",
                        "nodeId": "403cebde-082c-4002-8f78-16ad178a054a",
                        "url": "/magasin/403cebde-082c-4002-8f78-16ad178a054a",
                      },
                    ],
                    "id": 1,
                    "museumNo": "12345",
                    "path": ",1,2,3,",
                    "pathNames": Array [
                      Object {
                        "name": "Root",
                        "nodeId": 1,
                        "nodeUuid": "0615c304-e7ec-46ad-aebc-399884181eaf",
                        "type": "Organization",
                      },
                      Object {
                        "name": "Musit",
                        "nodeId": 2,
                        "nodeUuid": "ae3a3752-f8f7-4ab1-84b2-f088324f1a6f",
                        "type": "Building",
                      },
                      Object {
                        "name": "Kontoret",
                        "nodeId": 3,
                        "nodeUuid": "403cebde-082c-4002-8f78-16ad178a054a",
                        "type": "Room",
                      },
                    ],
                    "subNo": "45",
                    "term": "Fuglekasse",
                  }
                }
                onClickCrumb={[Function]}
              />
            </td>
            <td
              onClick={[Function]}
              style={
                Object {
                  "textAlign": "right",
                }
              }
            >
              <a
                title="Legg til plukklisten"
              >
                <FontAwesome
                  name="shopping-cart"
                  style={
                    Object {
                      "color": "Gray",
                      "fontSize": "1.3em",
                    }
                  }
                />
              </a>
            </td>
          </tr>
          <tr
            className="mainObject"
            onClick={[Function]}
          >
            <td
              className="museumNo"
            >
              12345
            </td>
            <td
              className="subNo"
            >
              45
            </td>
            <td
              className="term"
            >
              Fuglekasse
            </td>
            <td
              className="path"
            >
              <Breadcrumb
                allActive={true}
                node={
                  Object {
                    "breadcrumb": Array [
                      Object {
                        "id": "0615c304-e7ec-46ad-aebc-399884181eaf",
                        "name": "Root",
                        "nodeId": "0615c304-e7ec-46ad-aebc-399884181eaf",
                        "url": "/magasin/0615c304-e7ec-46ad-aebc-399884181eaf",
                      },
                      Object {
                        "id": "ae3a3752-f8f7-4ab1-84b2-f088324f1a6f",
                        "name": "Musit",
                        "nodeId": "ae3a3752-f8f7-4ab1-84b2-f088324f1a6f",
                        "url": "/magasin/ae3a3752-f8f7-4ab1-84b2-f088324f1a6f",
                      },
                      Object {
                        "id": "403cebde-082c-4002-8f78-16ad178a054a",
                        "name": "Kontoret",
                        "nodeId": "403cebde-082c-4002-8f78-16ad178a054a",
                        "url": "/magasin/403cebde-082c-4002-8f78-16ad178a054a",
                      },
                    ],
                    "id": 1,
                    "museumNo": "12345",
                    "path": ",1,2,3,",
                    "pathNames": Array [
                      Object {
                        "name": "Root",
                        "nodeId": 1,
                        "nodeUuid": "0615c304-e7ec-46ad-aebc-399884181eaf",
                        "type": "Organization",
                      },
                      Object {
                        "name": "Musit",
                        "nodeId": 2,
                        "nodeUuid": "ae3a3752-f8f7-4ab1-84b2-f088324f1a6f",
                        "type": "Building",
                      },
                      Object {
                        "name": "Kontoret",
                        "nodeId": 3,
                        "nodeUuid": "403cebde-082c-4002-8f78-16ad178a054a",
                        "type": "Room",
                      },
                    ],
                    "subNo": "45",
                    "term": "Fuglekasse",
                  }
                }
                onClickCrumb={[Function]}
              />
            </td>
            <td
              onClick={[Function]}
              style={
                Object {
                  "textAlign": "right",
                }
              }
            >
              <a
                title="Legg til plukklisten"
              >
                <FontAwesome
                  name="shopping-cart"
                  style={
                    Object {
                      "color": "Gray",
                      "fontSize": "1.3em",
                    }
                  }
                />
              </a>
            </td>
          </tr>
          <tr
            className="mainObject"
            onClick={[Function]}
          >
            <td
              className="museumNo"
            >
              12345
            </td>
            <td
              className="subNo"
            >
              45
            </td>
            <td
              className="term"
            >
              Fuglekasse
            </td>
            <td
              className="path"
            >
              <Breadcrumb
                allActive={true}
                node={
                  Object {
                    "breadcrumb": Array [
                      Object {
                        "id": "0615c304-e7ec-46ad-aebc-399884181eaf",
                        "name": "Root",
                        "nodeId": "0615c304-e7ec-46ad-aebc-399884181eaf",
                        "url": "/magasin/0615c304-e7ec-46ad-aebc-399884181eaf",
                      },
                      Object {
                        "id": "ae3a3752-f8f7-4ab1-84b2-f088324f1a6f",
                        "name": "Musit",
                        "nodeId": "ae3a3752-f8f7-4ab1-84b2-f088324f1a6f",
                        "url": "/magasin/ae3a3752-f8f7-4ab1-84b2-f088324f1a6f",
                      },
                      Object {
                        "id": "403cebde-082c-4002-8f78-16ad178a054a",
                        "name": "Kontoret",
                        "nodeId": "403cebde-082c-4002-8f78-16ad178a054a",
                        "url": "/magasin/403cebde-082c-4002-8f78-16ad178a054a",
                      },
                    ],
                    "id": 1,
                    "museumNo": "12345",
                    "path": ",1,2,3,",
                    "pathNames": Array [
                      Object {
                        "name": "Root",
                        "nodeId": 1,
                        "nodeUuid": "0615c304-e7ec-46ad-aebc-399884181eaf",
                        "type": "Organization",
                      },
                      Object {
                        "name": "Musit",
                        "nodeId": 2,
                        "nodeUuid": "ae3a3752-f8f7-4ab1-84b2-f088324f1a6f",
                        "type": "Building",
                      },
                      Object {
                        "name": "Kontoret",
                        "nodeId": 3,
                        "nodeUuid": "403cebde-082c-4002-8f78-16ad178a054a",
                        "type": "Room",
                      },
                    ],
                    "subNo": "45",
                    "term": "Fuglekasse",
                  }
                }
                onClickCrumb={[Function]}
              />
            </td>
            <td
              onClick={[Function]}
              style={
                Object {
                  "textAlign": "right",
                }
              }
            >
              <a
                title="Legg til plukklisten"
              >
                <FontAwesome
                  name="shopping-cart"
                  style={
                    Object {
                      "color": "Gray",
                      "fontSize": "1.3em",
                    }
                  }
                />
              </a>
            </td>
          </tr>
          <tr
            className="mainObject"
            onClick={[Function]}
          >
            <td
              className="museumNo"
            >
              12345
            </td>
            <td
              className="subNo"
            >
              45
            </td>
            <td
              className="term"
            >
              Fuglekasse
            </td>
            <td
              className="path"
            >
              <Breadcrumb
                allActive={true}
                node={
                  Object {
                    "breadcrumb": Array [
                      Object {
                        "id": "0615c304-e7ec-46ad-aebc-399884181eaf",
                        "name": "Root",
                        "nodeId": "0615c304-e7ec-46ad-aebc-399884181eaf",
                        "url": "/magasin/0615c304-e7ec-46ad-aebc-399884181eaf",
                      },
                      Object {
                        "id": "ae3a3752-f8f7-4ab1-84b2-f088324f1a6f",
                        "name": "Musit",
                        "nodeId": "ae3a3752-f8f7-4ab1-84b2-f088324f1a6f",
                        "url": "/magasin/ae3a3752-f8f7-4ab1-84b2-f088324f1a6f",
                      },
                      Object {
                        "id": "403cebde-082c-4002-8f78-16ad178a054a",
                        "name": "Kontoret",
                        "nodeId": "403cebde-082c-4002-8f78-16ad178a054a",
                        "url": "/magasin/403cebde-082c-4002-8f78-16ad178a054a",
                      },
                    ],
                    "id": 1,
                    "museumNo": "12345",
                    "path": ",1,2,3,",
                    "pathNames": Array [
                      Object {
                        "name": "Root",
                        "nodeId": 1,
                        "nodeUuid": "0615c304-e7ec-46ad-aebc-399884181eaf",
                        "type": "Organization",
                      },
                      Object {
                        "name": "Musit",
                        "nodeId": 2,
                        "nodeUuid": "ae3a3752-f8f7-4ab1-84b2-f088324f1a6f",
                        "type": "Building",
                      },
                      Object {
                        "name": "Kontoret",
                        "nodeId": 3,
                        "nodeUuid": "403cebde-082c-4002-8f78-16ad178a054a",
                        "type": "Room",
                      },
                    ],
                    "subNo": "45",
                    "term": "Fuglekasse",
                  }
                }
                onClickCrumb={[Function]}
              />
            </td>
            <td
              onClick={[Function]}
              style={
                Object {
                  "textAlign": "right",
                }
              }
            >
              <a
                title="Legg til plukklisten"
              >
                <FontAwesome
                  name="shopping-cart"
                  style={
                    Object {
                      "color": "Gray",
                      "fontSize": "1.3em",
                    }
                  }
                />
              </a>
            </td>
          </tr>
          <tr
            className="mainObject"
            onClick={[Function]}
          >
            <td
              className="museumNo"
            >
              12345
            </td>
            <td
              className="subNo"
            >
              45
            </td>
            <td
              className="term"
            >
              Fuglekasse
            </td>
            <td
              className="path"
            >
              <Breadcrumb
                allActive={true}
                node={
                  Object {
                    "breadcrumb": Array [
                      Object {
                        "id": "0615c304-e7ec-46ad-aebc-399884181eaf",
                        "name": "Root",
                        "nodeId": "0615c304-e7ec-46ad-aebc-399884181eaf",
                        "url": "/magasin/0615c304-e7ec-46ad-aebc-399884181eaf",
                      },
                      Object {
                        "id": "ae3a3752-f8f7-4ab1-84b2-f088324f1a6f",
                        "name": "Musit",
                        "nodeId": "ae3a3752-f8f7-4ab1-84b2-f088324f1a6f",
                        "url": "/magasin/ae3a3752-f8f7-4ab1-84b2-f088324f1a6f",
                      },
                      Object {
                        "id": "403cebde-082c-4002-8f78-16ad178a054a",
                        "name": "Kontoret",
                        "nodeId": "403cebde-082c-4002-8f78-16ad178a054a",
                        "url": "/magasin/403cebde-082c-4002-8f78-16ad178a054a",
                      },
                    ],
                    "id": 1,
                    "museumNo": "12345",
                    "path": ",1,2,3,",
                    "pathNames": Array [
                      Object {
                        "name": "Root",
                        "nodeId": 1,
                        "nodeUuid": "0615c304-e7ec-46ad-aebc-399884181eaf",
                        "type": "Organization",
                      },
                      Object {
                        "name": "Musit",
                        "nodeId": 2,
                        "nodeUuid": "ae3a3752-f8f7-4ab1-84b2-f088324f1a6f",
                        "type": "Building",
                      },
                      Object {
                        "name": "Kontoret",
                        "nodeId": 3,
                        "nodeUuid": "403cebde-082c-4002-8f78-16ad178a054a",
                        "type": "Room",
                      },
                    ],
                    "subNo": "45",
                    "term": "Fuglekasse",
                  }
                }
                onClickCrumb={[Function]}
              />
            </td>
            <td
              onClick={[Function]}
              style={
                Object {
                  "textAlign": "right",
                }
              }
            >
              <a
                title="Legg til plukklisten"
              >
                <FontAwesome
                  name="shopping-cart"
                  style={
                    Object {
                      "color": "Gray",
                      "fontSize": "1.3em",
                    }
                  }
                />
              </a>
            </td>
          </tr>
          <tr
            className="mainObject"
            onClick={[Function]}
          >
            <td
              className="museumNo"
            >
              12345
            </td>
            <td
              className="subNo"
            >
              45
            </td>
            <td
              className="term"
            >
              Fuglekasse
            </td>
            <td
              className="path"
            >
              <Breadcrumb
                allActive={true}
                node={
                  Object {
                    "breadcrumb": Array [
                      Object {
                        "id": "0615c304-e7ec-46ad-aebc-399884181eaf",
                        "name": "Root",
                        "nodeId": "0615c304-e7ec-46ad-aebc-399884181eaf",
                        "url": "/magasin/0615c304-e7ec-46ad-aebc-399884181eaf",
                      },
                      Object {
                        "id": "ae3a3752-f8f7-4ab1-84b2-f088324f1a6f",
                        "name": "Musit",
                        "nodeId": "ae3a3752-f8f7-4ab1-84b2-f088324f1a6f",
                        "url": "/magasin/ae3a3752-f8f7-4ab1-84b2-f088324f1a6f",
                      },
                      Object {
                        "id": "403cebde-082c-4002-8f78-16ad178a054a",
                        "name": "Kontoret",
                        "nodeId": "403cebde-082c-4002-8f78-16ad178a054a",
                        "url": "/magasin/403cebde-082c-4002-8f78-16ad178a054a",
                      },
                    ],
                    "id": 1,
                    "museumNo": "12345",
                    "path": ",1,2,3,",
                    "pathNames": Array [
                      Object {
                        "name": "Root",
                        "nodeId": 1,
                        "nodeUuid": "0615c304-e7ec-46ad-aebc-399884181eaf",
                        "type": "Organization",
                      },
                      Object {
                        "name": "Musit",
                        "nodeId": 2,
                        "nodeUuid": "ae3a3752-f8f7-4ab1-84b2-f088324f1a6f",
                        "type": "Building",
                      },
                      Object {
                        "name": "Kontoret",
                        "nodeId": 3,
                        "nodeUuid": "403cebde-082c-4002-8f78-16ad178a054a",
                        "type": "Room",
                      },
                    ],
                    "subNo": "45",
                    "term": "Fuglekasse",
                  }
                }
                onClickCrumb={[Function]}
              />
            </td>
            <td
              onClick={[Function]}
              style={
                Object {
                  "textAlign": "right",
                }
              }
            >
              <a
                title="Legg til plukklisten"
              >
                <FontAwesome
                  name="shopping-cart"
                  style={
                    Object {
                      "color": "Gray",
                      "fontSize": "1.3em",
                    }
                  }
                />
              </a>
            </td>
          </tr>
          <tr
            className="mainObject"
            onClick={[Function]}
          >
            <td
              className="museumNo"
            >
              12345
            </td>
            <td
              className="subNo"
            >
              45
            </td>
            <td
              className="term"
            >
              Fuglekasse
            </td>
            <td
              className="path"
            >
              <Breadcrumb
                allActive={true}
                node={
                  Object {
                    "breadcrumb": Array [
                      Object {
                        "id": "0615c304-e7ec-46ad-aebc-399884181eaf",
                        "name": "Root",
                        "nodeId": "0615c304-e7ec-46ad-aebc-399884181eaf",
                        "url": "/magasin/0615c304-e7ec-46ad-aebc-399884181eaf",
                      },
                      Object {
                        "id": "ae3a3752-f8f7-4ab1-84b2-f088324f1a6f",
                        "name": "Musit",
                        "nodeId": "ae3a3752-f8f7-4ab1-84b2-f088324f1a6f",
                        "url": "/magasin/ae3a3752-f8f7-4ab1-84b2-f088324f1a6f",
                      },
                      Object {
                        "id": "403cebde-082c-4002-8f78-16ad178a054a",
                        "name": "Kontoret",
                        "nodeId": "403cebde-082c-4002-8f78-16ad178a054a",
                        "url": "/magasin/403cebde-082c-4002-8f78-16ad178a054a",
                      },
                    ],
                    "id": 1,
                    "museumNo": "12345",
                    "path": ",1,2,3,",
                    "pathNames": Array [
                      Object {
                        "name": "Root",
                        "nodeId": 1,
                        "nodeUuid": "0615c304-e7ec-46ad-aebc-399884181eaf",
                        "type": "Organization",
                      },
                      Object {
                        "name": "Musit",
                        "nodeId": 2,
                        "nodeUuid": "ae3a3752-f8f7-4ab1-84b2-f088324f1a6f",
                        "type": "Building",
                      },
                      Object {
                        "name": "Kontoret",
                        "nodeId": 3,
                        "nodeUuid": "403cebde-082c-4002-8f78-16ad178a054a",
                        "type": "Room",
                      },
                    ],
                    "subNo": "45",
                    "term": "Fuglekasse",
                  }
                }
                onClickCrumb={[Function]}
              />
            </td>
            <td
              onClick={[Function]}
              style={
                Object {
                  "textAlign": "right",
                }
              }
            >
              <a
                title="Legg til plukklisten"
              >
                <FontAwesome
                  name="shopping-cart"
                  style={
                    Object {
                      "color": "Gray",
                      "fontSize": "1.3em",
                    }
                  }
                />
              </a>
            </td>
          </tr>
        </tbody>
      </table>
      <PagingToolbar
        currentPage={1}
        numItems={20}
        onClick={[Function]}
        perPage={50}
      />
    </div>
  </Component>
</div>
`;
