// Jest Snapshot v1, https://goo.gl/fbAQLP

exports[`ModalNodeGrid should match snapshot 1`] = `
<FormGroup
  bsClass="form-group"
>
  <div>
    <Table
      bordered={false}
      bsClass="table"
      className="modalNodeGrid"
      condensed={false}
      hover={true}
      responsive={true}
      striped={false}
    >
      <tbody>
        <tr
          id="0"
        >
          <td
            id="0_Eske"
          >
            <a
              href=""
              onClick={[Function]}
            >
              <FontAwesome
                name="folder"
              />
               Eske
            </a>
          </td>
          <td
            id="0_StorageUnit"
          >
            Lagringsenhet
          </td>
        </tr>
        <tr
          id="1"
        >
          <td
            id="1_Box"
          >
            <a
              href=""
              onClick={[Function]}
            >
              <FontAwesome
                name="folder"
              />
               Box
            </a>
          </td>
          <td
            id="1_StorageUnit"
          >
            Lagringsenhet
          </td>
        </tr>
        <tr
          id="2"
        >
          <td
            id="2_Room"
          >
            <a
              href=""
              onClick={[Function]}
            >
              <FontAwesome
                name="folder"
              />
               Room
            </a>
          </td>
          <td
            id="2_Room"
          >
            Rom
          </td>
        </tr>
      </tbody>
    </Table>
  </div>
</FormGroup>
`;
