// Jest Snapshot v1, https://goo.gl/fbAQLP

exports[`Test Toolbar Test Toobbar is created 1`] = `
<div
  className="col-md-undefined"
  style={
    Object {
      "marginBottom": 20,
    }
  }
>
  <button
    className="btn btn-primary"
    key="btn-delete"
    style={
      Object {
        "marginRight": 55,
      }
    }
  >
    Slett
  </button>
  <div
    style={
      Object {
        "float": "right",
      }
    }
  >
    <button
      className="btn-link"
      key="btn-cancel"
      style={
        Object {
          "marginRight": 40,
        }
      }
    >
      Avbryt
    </button>
    <button
      className="btn btn-primary"
      key="btn-save"
    >
      Lagre
    </button>
  </div>
</div>
`;
