exports[`Render observation page in add mode should set default date and have correct date format 1`] = `
<form
  onKeyDown={[Function onKeyDown]}
  onSubmit={[Function bound handleSubmit]}>
  <Grid
    bsClass="container"
    componentClass="div"
    fluid={false}>
    <Row
      bsClass="row"
      componentClass="div">
      <h3 />
      <Row
        bsClass="row"
        componentClass="div">
        <Col
          bsClass="col"
          componentClass="div"
          sm={5}
          xs={12}>
          <ControlLabel
            bsClass="control-label"
            srOnly={false}>
            Performed date
          </ControlLabel>
          <MusitDatePicker
            dateFormat="DD.MM.YYYY"
            disabled={false}
            onChange={[Function onChange]}
            onClear={[Function onClear]}
            value="2017-02-08T11:14:25.889Z" />
        </Col>
        <Col
          bsClass="col"
          componentClass="div"
          sm={5}
          xs={12}>
          <ControlLabel
            bsClass="control-label"
            srOnly={false}>
            Performed by
          </ControlLabel>
          <Component
            id="doneByField"
            onChange={[Function onChange]}
            placeHolder="Find actor"
            value="Jarl" />
        </Col>
      </Row>
      <h3 />
      <Row
        bsClass="row"
        componentClass="div">
        <Col
          bsClass="col"
          componentClass="div"
          xs={2}>
          <FormGroup
            bsClass="form-group"
            controlId="formControlsSelect">
            <FormControl
              bsClass="form-control"
              componentClass="select"
              onChange={[Function bound onChangeTypeSelect]}
              placeholder="select"
              value="">
              <option
                value="">
                Choose type
              </option>
              <option
                value="gas">
                Gas
              </option>
              <option
                value="lightCondition">
                Lighting condition
              </option>
              <option
                value="cleaning">
                Cleaning
              </option>
              <option
                value="pest">
                Pest
              </option>
              <option
                value="mold">
                Mold
              </option>
              <option
                value="skallsikring">
                Perimeter security
              </option>
              <option
                value="tyverisikring">
                Theft protection
              </option>
              <option
                value="brannsikring">
                Fire protection
              </option>
              <option
                value="vannskaderisiko">
                Water damage assessment
              </option>
              <option
                value="relativeHumidity">
                Relative humidity
              </option>
              <option
                value="hypoxicAir">
                Hypoxic air
              </option>
              <option
                value="temperature">
                Temperature
              </option>
              <option
                value="alcohol">
                Alcohol
              </option>
            </FormControl>
          </FormGroup>
        </Col>
        <Col
          bsClass="col"
          componentClass="div"
          xs={4}>
          <Button
            active={false}
            block={false}
            bsClass="btn"
            bsStyle="default"
            disabled={false}
            onClick={[Function onClick]}>
            <FontAwesome
              name="plus-circle" />
             
            Add new
          </Button>
        </Col>
      </Row>
    </Row>
    <br />
    <Row
      bsClass="row"
      className="row-centered"
      componentClass="div"
      style={
        Object {
          "textAlign": "center"
        }
      }>
      <br />
      <SaveCancel
        cancelDisabled={false}
        onClickCancel={[Function onClickCancel]}
        onClickSave={[Function bound handleSubmit]}
        saveDisabled={true} />
    </Row>
  </Grid>
</form>
`;
