exports[`Render edit observation page should set default date and have correct date format 1`] = `
<form
  onKeyDown={[Function onKeyDown]}
  onSubmit={[Function bound handleSubmit]}>
  <Grid
    bsClass="container"
    componentClass="div"
    fluid={false}>
    <Row
      bsClass="row"
      componentClass="div">
      <h3 />
      <Row
        bsClass="row"
        componentClass="div">
        <Col
          bsClass="col"
          componentClass="div"
          sm={5}
          xs={12}>
          <ControlLabel
            bsClass="control-label"
            srOnly={false}>
            Utført dato
          </ControlLabel>
          <FormControl
            bsClass="form-control"
            componentClass="input"
            disabled={true}
            value="23.12.2016" />
        </Col>
        <Col
          bsClass="col"
          componentClass="div"
          sm={5}
          xs={12}>
          <ControlLabel
            bsClass="control-label"
            srOnly={false}>
            Utført av
          </ControlLabel>
          <FormControl
            bsClass="form-control"
            componentClass="input"
            disabled={true}
            value="Jarl" />
        </Col>
      </Row>
      <h3 />
    </Row>
    <br />
    <Row
      bsClass="row"
      className="row-centered"
      componentClass="div"
      style={
        Object {
          "textAlign": "center"
        }
      }>
      <br />
      <SaveCancel
        cancelDisabled={false}
        onClickCancel={[Function onClickCancel]}
        onClickSave={[Function bound handleSubmit]}
        saveDisabled={true} />
    </Row>
  </Grid>
</form>
`;
